BL51 BANKED LINKER/LOCATER V6.22                                                        07/04/2020  00:38:26  PAGE 1


BL51 BANKED LINKER/LOCATER V6.22, INVOKED BY:
C:\KEIL_V5\C51\BIN\BL51.EXE .\OutPut\main.obj, .\OutPut\STARTUP.obj, .\OutPut\tankGame.obj, .\OutPut\gameCore.obj, .\Out
>> Put\OS_CORE.obj, .\OutPut\OS_CPU_C.obj, .\OutPut\OS_MBOX.obj, .\OutPut\OS_MEM.obj, .\OutPut\OS_Q.obj, .\OutPut\OS_SEM
>> .obj, .\OutPut\OS_TASK.obj, .\OutPut\OS_TIME.obj, .\OutPut\OS_CPU_A.obj TO .\OutPut\uCOS-II PRINT (.\OutPut\uCOS-II.m
>> 51)


MEMORY MODEL: LARGE


INPUT MODULES INCLUDED:
  .\OutPut\main.obj (MAIN)
  .\OutPut\STARTUP.obj (?C_STARTUP)
  .\OutPut\tankGame.obj (TANKGAME)
  .\OutPut\gameCore.obj (GAMECORE)
  .\OutPut\OS_CORE.obj (OS_CORE)
  .\OutPut\OS_CPU_C.obj (OS_CPU_C)
  .\OutPut\OS_MBOX.obj (OS_MBOX)
  .\OutPut\OS_MEM.obj (OS_MEM)
  .\OutPut\OS_Q.obj (OS_Q)
  .\OutPut\OS_SEM.obj (OS_SEM)
  .\OutPut\OS_TASK.obj (OS_TASK)
  .\OutPut\OS_TIME.obj (OS_TIME)
  .\OutPut\OS_CPU_A.obj (OS_CPU_A)
  C:\KEIL_V5\C51\LIB\C51L.LIB (?C_INIT)
  C:\KEIL_V5\C51\LIB\C51L.LIB (?C?CLDPTR)
  C:\KEIL_V5\C51\LIB\C51L.LIB (?C?CLDOPTR)
  C:\KEIL_V5\C51\LIB\C51L.LIB (?C?CILDPTR)
  C:\KEIL_V5\C51\LIB\C51L.LIB (?C?CILDOPTR)
  C:\KEIL_V5\C51\LIB\C51L.LIB (?C?CSTPTR)
  C:\KEIL_V5\C51\LIB\C51L.LIB (?C?CSTOPTR)
  C:\KEIL_V5\C51\LIB\C51L.LIB (?C?IMUL)
  C:\KEIL_V5\C51\LIB\C51L.LIB (?C?SIDIV)
  C:\KEIL_V5\C51\LIB\C51L.LIB (?C?IILDX)
  C:\KEIL_V5\C51\LIB\C51L.LIB (?C?ILDIX)
  C:\KEIL_V5\C51\LIB\C51L.LIB (?C?ILDOPTR)
  C:\KEIL_V5\C51\LIB\C51L.LIB (?C?IILDOPTR)
  C:\KEIL_V5\C51\LIB\C51L.LIB (?C?ISTOPTR)
  C:\KEIL_V5\C51\LIB\C51L.LIB (?C?LSUB)
  C:\KEIL_V5\C51\LIB\C51L.LIB (?C?ULDIV)
  C:\KEIL_V5\C51\LIB\C51L.LIB (?C?ULCMP)
  C:\KEIL_V5\C51\LIB\C51L.LIB (?C?LLDOPTR)
  C:\KEIL_V5\C51\LIB\C51L.LIB (?C?LSTOPTR)
  C:\KEIL_V5\C51\LIB\C51L.LIB (?C?LLDIDATA)
  C:\KEIL_V5\C51\LIB\C51L.LIB (?C?LLDXDATA)
  C:\KEIL_V5\C51\LIB\C51L.LIB (?C?LLDXDATA0)
  C:\KEIL_V5\C51\LIB\C51L.LIB (?C?LLDOPTR0)
  C:\KEIL_V5\C51\LIB\C51L.LIB (?C?LSTIDATA)
  C:\KEIL_V5\C51\LIB\C51L.LIB (?C?LSTXDATA)
  C:\KEIL_V5\C51\LIB\C51L.LIB (?C?LSTKIDATA)
  C:\KEIL_V5\C51\LIB\C51L.LIB (?C?LSTKXDATA)
  C:\KEIL_V5\C51\LIB\C51L.LIB (?C?OFFXADD)
  C:\KEIL_V5\C51\LIB\C51L.LIB (?C?PLDIDATA)
  C:\KEIL_V5\C51\LIB\C51L.LIB (?C?PSTIDATA)
  C:\KEIL_V5\C51\LIB\C51L.LIB (?C?PLDXDATA)
  C:\KEIL_V5\C51\LIB\C51L.LIB (?C?PLDIXDATA)
  C:\KEIL_V5\C51\LIB\C51L.LIB (?C?PSTXDATA)
  C:\KEIL_V5\C51\LIB\C51L.LIB (?C?PLDPTR)
BL51 BANKED LINKER/LOCATER V6.22                                                      07/04/2020  00:38:26  PAGE 2


  C:\KEIL_V5\C51\LIB\C51L.LIB (?C?PSTPTR)
  C:\KEIL_V5\C51\LIB\C51L.LIB (?C?PLDOPTR)
  C:\KEIL_V5\C51\LIB\C51L.LIB (?C?PSTOPTR)
  C:\KEIL_V5\C51\LIB\C51L.LIB (?C?ICALL)
  C:\KEIL_V5\C51\LIB\C51L.LIB (?C_XBP)
  C:\KEIL_V5\C51\LIB\C51L.LIB (?C?ADDXBP)
  C:\KEIL_V5\C51\LIB\C51L.LIB (?C?XBPOFF)
  C:\KEIL_V5\C51\LIB\C51L.LIB (RAND)
  C:\KEIL_V5\C51\LIB\C51L.LIB (INIT_MEM)
  C:\KEIL_V5\C51\LIB\C51L.LIB (CALLOC)
  C:\KEIL_V5\C51\LIB\C51L.LIB (FREE)
  C:\KEIL_V5\C51\LIB\C51L.LIB (?C?UIDIV)
  C:\KEIL_V5\C51\LIB\C51L.LIB (?C?LLDPDATA)
  C:\KEIL_V5\C51\LIB\C51L.LIB (?C?LLDCODE)
  C:\KEIL_V5\C51\LIB\C51L.LIB (?C?LLDIDATA0)
  C:\KEIL_V5\C51\LIB\C51L.LIB (?C?LLDPDATA0)
  C:\KEIL_V5\C51\LIB\C51L.LIB (?C?LLDCODE0)
  C:\KEIL_V5\C51\LIB\C51L.LIB (?C?LSTPDATA)
  C:\KEIL_V5\C51\LIB\C51L.LIB (?C?PLDPDATA)
  C:\KEIL_V5\C51\LIB\C51L.LIB (?C?PSTPDATA)
  C:\KEIL_V5\C51\LIB\C51L.LIB (?C?PLDCODE)
  C:\KEIL_V5\C51\LIB\C51L.LIB (?C?MEMSET)
  C:\KEIL_V5\C51\LIB\C51L.LIB (MALLOC)


LINK MAP OF MODULE:  .\OutPut\uCOS-II (MAIN)


            TYPE    BASE      LENGTH    RELOCATION   SEGMENT NAME
            -----------------------------------------------------

            * * * * * * *   D A T A   M E M O R Y   * * * * * * *
            REG     0000H     0008H     ABSOLUTE     "REG BANK 0"
            DATA    0008H     0002H     UNIT         ?C?LIB_DATA
                    000AH     0016H                  *** GAP ***
            BIT     0020H.0   0000H.1   UNIT         _BIT_GROUP_
                    0020H.1   0000H.7                *** GAP ***
            IDATA   0021H     002EH     UNIT         ?ID?OS_CORE
            IDATA   004FH     0031H     UNIT         ?STACK

            * * * * * * *  X D A T A   M E M O R Y  * * * * * * *
            XDATA   0000H     0C1CH     UNIT         ?XD?GAMECORE
            XDATA   0C1CH     00E0H     UNIT         ?XD?MAIN
            XDATA   0CFCH     00A7H     UNIT         ?XD?TANKGAME
            XDATA   0DA3H     0091H     UNIT         ?XD?OS_CORE
            XDATA   0E34H     002AH     UNIT         _XDATA_GROUP_
            XDATA   0E5EH     0008H     UNIT         ?XD?INIT_MEM
            XDATA   0E66H     0006H     UNIT         ?XD?_DOGAMEFULLRENDER?GAMECORE
            XDATA   0E6CH     0006H     UNIT         ?XD?_SETROOTGAMEOBJECT?GAMECORE
            XDATA   0E72H     0006H     UNIT         ?XD?_SETGAMEOBJECTBITMAP?GAMECORE
            XDATA   0E78H     0006H     UNIT         ?XD?_REMOVECHILD?GAMECORE
            XDATA   0E7EH     0006H     UNIT         ?XD?_FREE?FREE
            XDATA   0E84H     0004H     UNIT         ?XD?RAND?RAND
            XDATA   0E88H     0003H     UNIT         ?XD?_FREEGAMECORE?GAMECORE
            XDATA   0E8BH     0003H     UNIT         ?XD?_FREEGAMEOBJECT?GAMECORE
            XDATA   0E8EH     0002H     UNIT         ?XD?CLSGAMERENDER?GAMECORE

BL51 BANKED LINKER/LOCATER V6.22                                                      07/04/2020  00:38:26  PAGE 3


            * * * * * * *   C O D E   M E M O R Y   * * * * * * *
            CODE    0000H     0003H     ABSOLUTE     
            CODE    0003H     0007H     UNIT         ?PR?GETGAME?TANKGAME
            CODE    000AH     0001H     UNIT         ?PR?_?BEFOREDRAW?TANKGAME
            CODE    000BH     0003H     ABSOLUTE     
            CODE    000EH     0015H     UNIT         ?PR?_?TASK2?MAIN
            CODE    0023H     0003H     ABSOLUTE     
            CODE    0026H     1B55H     UNIT         ?PR?_?AFTERDRAW?TANKGAME
            CODE    1B7BH     1418H     UNIT         ?CO?TANKGAME
            CODE    2F93H     06ABH     UNIT         ?PR?_?KEYLISTENER?TANKGAME
            CODE    363EH     0653H     UNIT         ?C?LIB_CODE
            CODE    3C91H     046FH     UNIT         ?PR?_?BULLETISATTACKENEMY?TANKGAME
            CODE    4100H     034AH     UNIT         ?PR?_DOGAMERENDER?GAMECORE
            CODE    444AH     02A8H     UNIT         ?PR?_?BULLETISATTACKME?TANKGAME
            CODE    46F2H     021DH     UNIT         ?PR?_DODRAWOBJECT?GAMECORE
            CODE    490FH     0212H     UNIT         ?PR?_?OS_TCBINIT?OS_CORE
            CODE    4B21H     01DCH     UNIT         ?PR?_?OSTASKSTKINIT?OS_CPU_C
            CODE    4CFDH     01BBH     UNIT         ?PR?_?OSINIT?OS_CORE
            CODE    4EB8H     013FH     UNIT         ?PR?_FREE?FREE
            CODE    4FF7H     013BH     UNIT         ?PR?_DRAWONENUMBER?GAMECORE
            CODE    5132H     0132H     UNIT         ?PR?_?DRAWNUMBER?GAMECORE
            CODE    5264H     011EH     UNIT         ?PR?_?OSTASKCREATE?OS_TASK
            CODE    5382H     0108H     UNIT         ?CO?OS_CORE
            CODE    548AH     0107H     UNIT         ?PR?TANKGAME_INIT?TANKGAME
            CODE    5591H     00F8H     UNIT         ?PR?INITSOURCE?TANKGAME
            CODE    5689H     00F5H     UNIT         ?PR?_?FINDELEMENTBYIDFROMGAMEOBJECT?GAMECORE
            CODE    577EH     00E9H     UNIT         ?PR?_?DODRAWVIEW?GAMECORE
            CODE    5867H     00E4H     UNIT         ?PR?MAIN?MAIN
            CODE    594BH     00E4H     UNIT         ?PR?_?OSTIMETICK?OS_CORE
            CODE    5A2FH     00E1H     UNIT         ?PR?_DRAWPIXEL?GAMECORE
            CODE    5B10H     00D1H     UNIT         ?PR?_MALLOC?MALLOC
            CODE    5BE1H     00C6H     UNIT         ?PR?_NEWGAMECORE?GAMECORE
            CODE    5CA7H     00C1H     UNIT         ?PR?_GETDIRECTION?TANKGAME
            CODE    5D68H     00ABH     UNIT         ?PR?_DODRAW?GAMECORE
            CODE    5E13H     00A3H     UNIT         ?PR?_DOGAMEFULLRENDER?GAMECORE
            CODE    5EB6H     00A2H     UNIT         ?PR?_GETPIXEL?GAMECORE
            CODE    5F58H     008DH     UNIT         ?PR?CLSGAMERENDER?GAMECORE
            CODE    5FE5H     008CH     UNIT         ?C_C51STARTUP
            CODE    6071H     008CH     UNIT         ?PR?_REMOVECHILD?GAMECORE
            CODE    60FDH     0078H     UNIT         ?PR?_?TANKGAME_INPUT?TANKGAME
            CODE    6175H     0076H     UNIT         ?PR?_?OS_SCHED?OS_CORE
            CODE    61EBH     0075H     UNIT         ?PR?_APPENDCHILD?GAMECORE
            CODE    6260H     0074H     UNIT         ?PR?_?OSTIMEDLY?OS_TIME
            CODE    62D4H     0070H     UNIT         ?PR?_?OSINTEXIT?OS_CORE
            CODE    6344H     006DH     UNIT         ?PR?_?LETGAMEOVER?TANKGAME
            CODE    63B1H     006DH     UNIT         ?PR?_?LETGAMESUCCESS?TANKGAME
            CODE    641EH     006DH     UNIT         ?PR?_GETBYTE?GAMECORE
            CODE    648BH     006CH     UNIT         ?PR?_GETPIXELFROMGAME?GAMECORE
            CODE    64F7H     0066H     UNIT         ?PR?OSCTXSW?OS_CPU_A
            CODE    655DH     0062H     UNIT         ?PR?_?OSSTART?OS_CORE
            CODE    65BFH     0059H     UNIT         ?PR?_NEWGAMEPIC?GAMECORE
            CODE    6618H     0058H     UNIT         ?CO?GAMECORE
            CODE    6670H     0058H     UNIT         ?PR?OSTICKISR?OS_CPU_A
            CODE    66C8H     0052H     UNIT         ?PR?OSSTARTHIGHRDY?OS_CPU_A
            CODE    671AH     0052H     UNIT         ?PR?_?SERIAL?OS_CPU_A
            CODE    676CH     0051H     UNIT         ?PR?_LCD_WDAT?GAMECORE
            CODE    67BDH     004DH     UNIT         ?PR?RAND?RAND
BL51 BANKED LINKER/LOCATER V6.22                                                      07/04/2020  00:38:26  PAGE 4


            CODE    680AH     004BH     UNIT         ?PR?_DRAWBYTE?GAMECORE
            CODE    6855H     0049H     UNIT         ?PR?_?SETGAMEOBJECTPOS?GAMECORE
            CODE    689EH     0042H     UNIT         ?PR?_CALLOC?CALLOC
            CODE    68E0H     003CH     UNIT         ?PR?_INIT_MEMPOOL?INIT_MEM
            CODE    691CH     003BH     UNIT         ?PR?_?OS_TASKIDLE?OS_CORE
            CODE    6957H     002DH     UNIT         ?PR?_?SETGAMEPICONGAMEOBJECT?GAMECORE
            CODE    6984H     0028H     UNIT         ?PR?_?OSTIMEGET?OS_TIME
            CODE    69ACH     0024H     UNIT         ?C_INITSEG
            CODE    69D0H     0024H     UNIT         ?PR?_LCD_WCMD?GAMECORE
            CODE    69F4H     0022H     UNIT         ?PR?_?OSTIMESET?OS_TIME
            CODE    6A16H     0021H     UNIT         ?PR?_?OSTASKCREATEHOOK?OS_CPU_C
            CODE    6A37H     0021H     UNIT         ?PR?_?OSTCBINITHOOK?OS_CPU_C
            CODE    6A58H     001FH     UNIT         ?PR?_FREEGAMECORE?GAMECORE
            CODE    6A77H     001FH     UNIT         ?PR?_SETROOTGAMEOBJECT?GAMECORE
            CODE    6A96H     001FH     UNIT         ?PR?_SETGAMEOBJECTBITMAP?GAMECORE
            CODE    6AB5H     001FH     UNIT         ?PR?_FREEGAMEOBJECT?GAMECORE
            CODE    6AD4H     001CH     UNIT         ?PR?LCD_CLEAR?GAMECORE
            CODE    6AF0H     001AH     UNIT         ?PR?_?TASK1?MAIN
            CODE    6B0AH     001AH     UNIT         ?PR?_DELAY_FAST?GAMECORE
            CODE    6B24H     001AH     UNIT         ?PR?LCD_INIT?GAMECORE
            CODE    6B3EH     001AH     UNIT         ?PR?NEWGAMEOBJECT?GAMECORE
            CODE    6B58H     0019H     UNIT         ?PR?_?TASK_FEED?MAIN
            CODE    6B71H     0014H     UNIT         ?PR?_?TASK3?MAIN
            CODE    6B85H     0014H     UNIT         ?PR?LCD_BUSY?GAMECORE
            CODE    6B99H     0012H     UNIT         ?PR?_MEM_CALLOC?GAMECORE
            CODE    6BABH     000EH     UNIT         ?PR?INITGAMECORE?GAMECORE
            CODE    6BB9H     000EH     UNIT         ?PR?_?OSINTENTER?OS_CORE
            CODE    6BC7H     000AH     UNIT         ?PR?_FINDELEMENTBYID?GAMECORE
            CODE    6BD1H     000AH     UNIT         ?PR?OSINTCTXSW?OS_CPU_A
            CODE    6BDBH     0009H     UNIT         ?PR?TANKGAME_RENDER?TANKGAME
            CODE    6BE4H     0009H     UNIT         ?PR?TANKGAME_DESTROY?TANKGAME
            CODE    6BEDH     0007H     UNIT         ?PR?_SETDISPLAY?GAMECORE
            CODE    6BF4H     0001H     UNIT         ?PR?_DESTROYGAMECORE?GAMECORE
            CODE    6BF5H     0001H     UNIT         ?PR?SETGAMEOBJECTSIZE?GAMECORE
            CODE    6BF6H     0001H     UNIT         ?PR?_?OSINITHOOKBEGIN?OS_CPU_C
            CODE    6BF7H     0001H     UNIT         ?PR?_?OSINITHOOKEND?OS_CPU_C
            CODE    6BF8H     0001H     UNIT         ?PR?_?OSTASKSWHOOK?OS_CPU_C
            CODE    6BF9H     0001H     UNIT         ?PR?_?OSTIMETICKHOOK?OS_CPU_C
            CODE    6BFAH     0001H     UNIT         ?PR?_?OSTASKIDLEHOOK?OS_CPU_C



OVERLAY MAP OF MODULE:   .\OutPut\uCOS-II (MAIN)


SEGMENT                                             BIT_GROUP          XDATA_GROUP
  +--> CALLED SEGMENT                            START    LENGTH     START    LENGTH
------------------------------------------------------------------------------------
?C_C51STARTUP                                    -----    -----      -----    -----
  +--> ?PR?MAIN?MAIN
  +--> ?C_INITSEG

?PR?MAIN?MAIN                                    -----    -----      -----    -----
  +--> ?PR?_?OSINIT?OS_CORE
  +--> ?PR?TANKGAME_INIT?TANKGAME
  +--> ?PR?_?TASK1?MAIN
  +--> ?PR?_?OSTASKCREATE?OS_TASK
BL51 BANKED LINKER/LOCATER V6.22                                                      07/04/2020  00:38:26  PAGE 5


  +--> ?PR?_?TASK2?MAIN
  +--> ?PR?_?TASK3?MAIN
  +--> ?PR?_?TASK_FEED?MAIN
  +--> ?PR?_?OSSTART?OS_CORE

?PR?_?OSINIT?OS_CORE                             -----    -----      -----    -----
  +--> ?PR?_?OSINITHOOKBEGIN?OS_CPU_C
  +--> ?PR?_?OS_TASKIDLE?OS_CORE
  +--> ?PR?_?OSTASKCREATE?OS_TASK
  +--> ?PR?_?OSINITHOOKEND?OS_CPU_C

?PR?_?OS_TASKIDLE?OS_CORE                        -----    -----      -----    -----
  +--> ?PR?_?OSTASKIDLEHOOK?OS_CPU_C

?PR?_?OSTASKCREATE?OS_TASK                       -----    -----      -----    -----
  +--> ?PR?_?OSTASKSTKINIT?OS_CPU_C
  +--> ?PR?_?OS_TCBINIT?OS_CORE
  +--> ?PR?_?OS_SCHED?OS_CORE

?PR?_?OS_TCBINIT?OS_CORE                         -----    -----      -----    -----
  +--> ?CO?OS_CORE
  +--> ?PR?_?OSTCBINITHOOK?OS_CPU_C
  +--> ?PR?_?OSTASKCREATEHOOK?OS_CPU_C

?PR?_?OS_SCHED?OS_CORE                           -----    -----      -----    -----
  +--> ?CO?OS_CORE
  +--> ?PR?OSCTXSW?OS_CPU_A

?PR?OSCTXSW?OS_CPU_A                             -----    -----      -----    -----
  +--> ?PR?_?OSTASKSWHOOK?OS_CPU_C
  +--> ?PR?OSSTARTHIGHRDY?OS_CPU_A

?PR?OSSTARTHIGHRDY?OS_CPU_A                      -----    -----      -----    -----
  +--> ?PR?_?OSTASKSWHOOK?OS_CPU_C

?PR?TANKGAME_INIT?TANKGAME                       -----    -----      -----    -----
  +--> ?PR?INITGAMECORE?GAMECORE
  +--> ?PR?INITSOURCE?TANKGAME
  +--> ?PR?_NEWGAMECORE?GAMECORE
  +--> ?PR?NEWGAMEOBJECT?GAMECORE
  +--> ?PR?_APPENDCHILD?GAMECORE
  +--> ?PR?_?BEFOREDRAW?TANKGAME
  +--> ?PR?_?AFTERDRAW?TANKGAME

?PR?INITGAMECORE?GAMECORE                        -----    -----      -----    -----
  +--> ?PR?_INIT_MEMPOOL?INIT_MEM
  +--> ?PR?LCD_INIT?GAMECORE

?PR?LCD_INIT?GAMECORE                            -----    -----      -----    -----
  +--> ?PR?_LCD_WCMD?GAMECORE

?PR?_LCD_WCMD?GAMECORE                           -----    -----      -----    -----
  +--> ?PR?LCD_BUSY?GAMECORE

?PR?LCD_BUSY?GAMECORE                            0020H.0  0000H.1    -----    -----

?PR?INITSOURCE?TANKGAME                          -----    -----      -----    -----
BL51 BANKED LINKER/LOCATER V6.22                                                      07/04/2020  00:38:26  PAGE 6


  +--> ?CO?TANKGAME
  +--> ?PR?_NEWGAMEPIC?GAMECORE

?PR?_NEWGAMEPIC?GAMECORE                         -----    -----      0E34H    000AH
  +--> ?PR?_CALLOC?CALLOC

?PR?_CALLOC?CALLOC                               -----    -----      0E3EH    0004H
  +--> ?PR?_MALLOC?MALLOC

?PR?_MALLOC?MALLOC                               -----    -----      0E42H    0006H

?PR?_NEWGAMECORE?GAMECORE                        -----    -----      0E34H    0007H
  +--> ?PR?_CALLOC?CALLOC
  +--> ?PR?LCD_CLEAR?GAMECORE

?PR?LCD_CLEAR?GAMECORE                           -----    -----      -----    -----
  +--> ?PR?_LCD_WCMD?GAMECORE
  +--> ?PR?_DELAY_FAST?GAMECORE

?PR?NEWGAMEOBJECT?GAMECORE                       -----    -----      -----    -----
  +--> ?PR?_CALLOC?CALLOC

?PR?_APPENDCHILD?GAMECORE                        -----    -----      0E34H    0006H

?PR?_?AFTERDRAW?TANKGAME                         -----    -----      -----    -----
  +--> ?PR?_?DRAWNUMBER?GAMECORE
  +--> ?PR?_?LETGAMEOVER?TANKGAME
  +--> ?PR?_GETPIXELFROMGAME?GAMECORE
  +--> ?PR?RAND?RAND
  +--> ?PR?_DRAWPIXEL?GAMECORE
  +--> ?PR?_?BULLETISATTACKENEMY?TANKGAME
  +--> ?PR?_?BULLETISATTACKME?TANKGAME
  +--> ?PR?_?LETGAMESUCCESS?TANKGAME

?PR?_?DRAWNUMBER?GAMECORE                        -----    -----      -----    -----
  +--> ?PR?_DRAWONENUMBER?GAMECORE

?PR?_DRAWONENUMBER?GAMECORE                      -----    -----      0E34H    000EH
  +--> ?CO?GAMECORE
  +--> ?PR?_DRAWPIXEL?GAMECORE

?PR?_DRAWPIXEL?GAMECORE                          -----    -----      0E57H    0006H
  +--> ?CO?GAMECORE

?PR?_GETPIXELFROMGAME?GAMECORE                   -----    -----      0E34H    0007H
  +--> ?CO?GAMECORE

?PR?_?TASK1?MAIN                                 -----    -----      -----    -----
  +--> ?PR?_?OSTIMEGET?OS_TIME
  +--> ?PR?_?TANKGAME_INPUT?TANKGAME
  +--> ?PR?_?OSTIMEDLY?OS_TIME

?PR?_?TANKGAME_INPUT?TANKGAME                    -----    -----      -----    -----
  +--> ?PR?_?KEYLISTENER?TANKGAME

?PR?_?KEYLISTENER?TANKGAME                       -----    -----      -----    -----
  +--> ?PR?_GETPIXELFROMGAME?GAMECORE
BL51 BANKED LINKER/LOCATER V6.22                                                      07/04/2020  00:38:26  PAGE 7


  +--> ?PR?_GETDIRECTION?TANKGAME

?PR?_GETDIRECTION?TANKGAME                       -----    -----      0E34H    0003H

?PR?_?OSTIMEDLY?OS_TIME                          -----    -----      -----    -----
  +--> ?PR?_?OS_SCHED?OS_CORE

?PR?_?TASK2?MAIN                                 -----    -----      -----    -----
  +--> ?PR?TANKGAME_RENDER?TANKGAME
  +--> ?PR?_?OSTIMEDLY?OS_TIME

?PR?TANKGAME_RENDER?TANKGAME                     -----    -----      -----    -----
  +--> ?PR?_DOGAMERENDER?GAMECORE

?PR?_DOGAMERENDER?GAMECORE                       -----    -----      0E34H    000EH
  +--> ?PR?_DODRAW?GAMECORE
  +--> ?PR?_LCD_WCMD?GAMECORE
  +--> ?PR?_DELAY_FAST?GAMECORE
  +--> ?PR?_LCD_WDAT?GAMECORE

?PR?_DODRAW?GAMECORE                             -----    -----      0E42H    0003H
  +--> ?PR?_?DODRAWVIEW?GAMECORE

?PR?_?DODRAWVIEW?GAMECORE                        -----    -----      -----    -----
  +--> ?PR?_DODRAWOBJECT?GAMECORE

?PR?_DODRAWOBJECT?GAMECORE                       -----    -----      0E45H    0012H
  +--> ?PR?_GETBYTE?GAMECORE
  +--> ?PR?_DRAWBYTE?GAMECORE
  +--> ?PR?_GETPIXEL?GAMECORE
  +--> ?PR?_DRAWPIXEL?GAMECORE

?PR?_GETBYTE?GAMECORE                            -----    -----      0E57H    0007H

?PR?_DRAWBYTE?GAMECORE                           -----    -----      0E57H    0006H

?PR?_GETPIXEL?GAMECORE                           -----    -----      0E57H    0007H
  +--> ?CO?GAMECORE

?PR?_LCD_WDAT?GAMECORE                           -----    -----      -----    -----
  +--> ?PR?LCD_BUSY?GAMECORE

?PR?_?TASK3?MAIN                                 -----    -----      -----    -----
  +--> ?PR?_?OSTIMEDLY?OS_TIME

?PR?_?TASK_FEED?MAIN                             -----    -----      -----    -----
  +--> ?PR?_?OSTIMEDLY?OS_TIME

?PR?_?OSSTART?OS_CORE                            -----    -----      -----    -----
  +--> ?CO?OS_CORE
  +--> ?PR?OSSTARTHIGHRDY?OS_CPU_A

*** NEW ROOT ***************************************************

?PR?OSTICKISR?OS_CPU_A                           -----    -----      -----    -----
  +--> ?PR?_?OSINTENTER?OS_CORE
  +--> ?PR?_?OSTIMETICK?OS_CORE
BL51 BANKED LINKER/LOCATER V6.22                                                      07/04/2020  00:38:26  PAGE 8


  +--> ?PR?_?OSINTEXIT?OS_CORE

?PR?_?OSTIMETICK?OS_CORE                         -----    -----      -----    -----
  +--> ?PR?_?OSTIMETICKHOOK?OS_CPU_C

?PR?_?OSINTEXIT?OS_CORE                          -----    -----      -----    -----
  +--> ?CO?OS_CORE
  +--> ?PR?OSINTCTXSW?OS_CPU_A

?PR?OSINTCTXSW?OS_CPU_A                          -----    -----      -----    -----
  +--> ?PR?OSCTXSW?OS_CPU_A

*** NEW ROOT ***************************************************

?PR?_?SERIAL?OS_CPU_A                            -----    -----      -----    -----
  +--> ?PR?_?OSINTENTER?OS_CORE
  +--> ?PR?_?OSINTEXIT?OS_CORE



UNRESOLVED EXTERNAL SYMBOLS:
   _?SERIAL



SYMBOL TABLE OF MODULE:  .\OutPut\uCOS-II (MAIN)

  VALUE           TYPE          NAME
  ----------------------------------

  -------         MODULE        MAIN
  C:0000H         SYMBOL        _ICE_DUMMY_
  D:0092H         PUBLIC        P1M0
  D:0093H         PUBLIC        P0M1
  D:0096H         PUBLIC        P2M0
  D:0091H         PUBLIC        P1M1
  D:0080H         PUBLIC        P0
  D:00B2H         PUBLIC        P3M0
  D:0095H         PUBLIC        P2M1
  D:0090H         PUBLIC        P1
  D:00B4H         PUBLIC        P4M0
  D:00B1H         PUBLIC        P3M1
  D:00A0H         PUBLIC        P2
  B:0090H.6       PUBLIC        H_DOG
  D:00B3H         PUBLIC        P4M1
  D:00B0H         PUBLIC        P3
  D:00C0H         PUBLIC        P4
  D:00C8H         PUBLIC        P5
  D:00E8H         PUBLIC        P6
  B:00C8H.5       PUBLIC        LED1
  D:00F8H         PUBLIC        P7
  D:00A8H         PUBLIC        IE
  D:00B8H         PUBLIC        IP
  D:00D8H         PUBLIC        CCON
  C:5867H         PUBLIC        main
  D:0098H         PUBLIC        SCON
  D:0089H         PUBLIC        TMOD
BL51 BANKED LINKER/LOCATER V6.22                                                      07/04/2020  00:38:26  PAGE 9


  D:0088H         PUBLIC        TCON
  X:0C1CH         PUBLIC        TaskFeedStk
  C:6AF0H         PUBLIC        _?Task1
  C:000EH         PUBLIC        _?Task2
  C:6B71H         PUBLIC        _?Task3
  B:00A8H.1       PUBLIC        ET0
  B:0088H.4       PUBLIC        TR0
  D:00C1H         PUBLIC        WDT_CONTR
  C:6B58H         PUBLIC        _?Task_Feed
  X:0C54H         PUBLIC        Task1Stk
  D:00D0H         PUBLIC        PSW
  X:0C8CH         PUBLIC        Task2Stk
  X:0CC4H         PUBLIC        Task3Stk
  D:0094H         PUBLIC        P0M0
  -------         PROC          _?TASK_FEED
  x:0000H         SYMBOL        ppdata
  C:6B58H         LINE#         17
  -------         ENDPROC       _?TASK_FEED
  -------         PROC          _?TASK1
  x:0000H         SYMBOL        ppdata
  C:6AF0H         LINE#         18
  C:6AF9H         LINE#         20
  C:6AFBH         LINE#         21
  C:6AFBH         LINE#         22
  C:6B01H         LINE#         23
  C:6B08H         LINE#         24
  -------         ENDPROC       _?TASK1
  -------         PROC          _?TASK2
  x:0000H         SYMBOL        ppdata
  C:000EH         LINE#         27
  C:0017H         LINE#         29
  C:0017H         LINE#         30
  C:001AH         LINE#         31
  C:0021H         LINE#         32
  -------         ENDPROC       _?TASK2
  -------         PROC          _?TASK3
  x:0000H         SYMBOL        ppdata
  C:6B71H         LINE#         34
  C:6B7AH         LINE#         36
  C:6B7AH         LINE#         37
  C:6B7CH         LINE#         38
  C:6B83H         LINE#         39
  -------         ENDPROC       _?TASK3
  -------         PROC          MAIN
  C:5867H         LINE#         43
  C:5867H         LINE#         44
  C:586AH         LINE#         46
  C:5872H         LINE#         48
  C:5887H         LINE#         50
  C:588AH         LINE#         51
  C:58B9H         LINE#         52
  C:58E8H         LINE#         53
  C:5918H         LINE#         54
  C:5948H         LINE#         55
  -------         ENDPROC       MAIN
  -------         ENDMOD        MAIN

BL51 BANKED LINKER/LOCATER V6.22                                                      07/04/2020  00:38:26  PAGE 10


  -------         MODULE        ?C_STARTUP
  C:5FE5H         SEGMENT       ?C_C51STARTUP
  I:004FH         SEGMENT       ?STACK
  C:0000H         PUBLIC        ?C_STARTUP
  D:00E0H         SYMBOL        ACC
  D:00F0H         SYMBOL        B
  D:0083H         SYMBOL        DPH
  D:0082H         SYMBOL        DPL
  N:0000H         SYMBOL        IBPSTACK
  N:0100H         SYMBOL        IBPSTACKTOP
  N:0000H         SYMBOL        IDATALEN
  N:0000H         SYMBOL        PBPSTACK
  N:0400H         SYMBOL        PBPSTACKTOP
  N:0000H         SYMBOL        PDATALEN
  N:0000H         SYMBOL        PDATASTART
  N:0000H         SYMBOL        PPAGE
  N:0000H         SYMBOL        PPAGEENABLE
  D:00A0H         SYMBOL        PPAGE_SFR
  D:0081H         SYMBOL        SP
  C:5FE5H         SYMBOL        STARTUP1
  N:0001H         SYMBOL        XBPSTACK
  N:0400H         SYMBOL        XBPSTACKTOP
  N:0000H         SYMBOL        XDATALEN
  N:0000H         SYMBOL        XDATASTART
  C:0000H         LINE#         92
  C:5FE5H         LINE#         142
  C:5FE8H         LINE#         143
  C:5FEBH         LINE#         151
  C:5FEEH         LINE#         155
  -------         ENDMOD        ?C_STARTUP

  -------         MODULE        TANKGAME
  C:0000H         SYMBOL        _ICE_DUMMY_
  D:0080H         PUBLIC        P0
  C:60FDH         PUBLIC        _?TankGame_Input
  D:0090H         PUBLIC        P1
  D:00A0H         PUBLIC        P2
  D:00B0H         PUBLIC        P3
  C:548AH         PUBLIC        TankGame_Init
  D:00C0H         PUBLIC        P4
  D:00C8H         PUBLIC        P5
  D:00E8H         PUBLIC        P6
  B:00A0H.6       PUBLIC        key_Attack
  D:00F8H         PUBLIC        P7
  C:000AH         PUBLIC        _?beforeDraw
  X:0CFCH         PUBLIC        bullet
  X:0D38H         PUBLIC        LevelTime
  D:00A8H         PUBLIC        IE
  D:00B8H         PUBLIC        IP
  X:0D3CH         PUBLIC        game
  X:0D3FH         PUBLIC        bullet_time
  B:00A0H.4       PUBLIC        key_Back
  X:0D43H         PUBLIC        score
  X:0D44H         PUBLIC        life
  C:6344H         PUBLIC        _?letgameover
  D:00D8H         PUBLIC        CCON
  C:0026H         PUBLIC        _?afterDraw
BL51 BANKED LINKER/LOCATER V6.22                                                      07/04/2020  00:38:26  PAGE 11


  C:3CA1H         PUBLIC        _?bulletIsAttackEnemy
  C:5591H         PUBLIC        initSource
  B:00B0H.2       PUBLIC        key_Enter
  B:00B0H.3       PUBLIC        key_Right
  X:0D45H         PUBLIC        enemy_tank
  D:0098H         PUBLIC        SCON
  D:0088H         PUBLIC        TCON
  B:00C0H.3       PUBLIC        key_Left
  X:0D65H         PUBLIC        gamePic
  C:277BH         PUBLIC        game_over
  C:0003H         PUBLIC        getGame
  C:1B7BH         PUBLIC        authorBox
  B:00B0H.4       PUBLIC        key_Down
  C:237BH         PUBLIC        level1
  C:6BDBH         PUBLIC        TankGame_Render
  C:4466H         PUBLIC        _?bulletIsAttackMe
  C:6BE4H         PUBLIC        TankGame_Destroy
  C:63B1H         PUBLIC        _?letgamesuccess
  C:2F81H         PUBLIC        tank_le
  C:2F87H         PUBLIC        tank_do
  X:0D83H         PUBLIC        i
  C:5CA7H         PUBLIC        _getDirection
  C:1F7BH         PUBLIC        infBox
  C:2F8DH         PUBLIC        tank_ri
  B:00C0H.0       PUBLIC        key_Up
  C:2F93H         PUBLIC        _?KeyListener
  C:2F7BH         PUBLIC        tank_up
  X:0D84H         PUBLIC        gameObject
  X:0DA2H         PUBLIC        Level
  C:2B7BH         PUBLIC        game_success
  D:00D0H         PUBLIC        PSW
  -------         PROC          _GETDIRECTION
  X:0E34H         SYMBOL        obj
  C:5CA7H         LINE#         372
  C:5CADH         LINE#         373
  C:5CDBH         LINE#         374
  C:5D09H         LINE#         375
  C:5D37H         LINE#         376
  C:5D65H         LINE#         377
  C:5D67H         LINE#         378
  -------         ENDPROC       _GETDIRECTION
  -------         PROC          _?KEYLISTENER
  -------         DO            
  x:0000H         SYMBOL        i
  x:0002H         SYMBOL        ch
  -------         ENDDO         
  C:2F93H         LINE#         379
  C:2F99H         LINE#         382
  C:2F9FH         LINE#         384
  C:2FAAH         LINE#         385
  C:2FC2H         LINE#         386
  C:2FE0H         LINE#         387
  C:3032H         LINE#         388
  C:303DH         LINE#         389
  C:303DH         LINE#         390
  C:303DH         LINE#         391
  C:3043H         LINE#         393
BL51 BANKED LINKER/LOCATER V6.22                                                      07/04/2020  00:38:26  PAGE 12


  C:304EH         LINE#         394
  C:3066H         LINE#         395
  C:3084H         LINE#         396
  C:30D5H         LINE#         397
  C:30E0H         LINE#         398
  C:30E0H         LINE#         399
  C:30E0H         LINE#         400
  C:30E6H         LINE#         402
  C:30F1H         LINE#         403
  C:3109H         LINE#         404
  C:3128H         LINE#         405
  C:3171H         LINE#         406
  C:317FH         LINE#         407
  C:317FH         LINE#         408
  C:317FH         LINE#         409
  C:3185H         LINE#         411
  C:3190H         LINE#         412
  C:31A8H         LINE#         413
  C:31C7H         LINE#         414
  C:320FH         LINE#         415
  C:321DH         LINE#         416
  C:321DH         LINE#         417
  C:321DH         LINE#         418
  C:3223H         LINE#         419
  C:322EH         LINE#         420
  C:3262H         LINE#         421
  C:327DH         LINE#         422
  C:3287H         LINE#         423
  C:32A8H         LINE#         424
  C:32C1H         LINE#         425
  C:32D4H         LINE#         426
  C:3301H         LINE#         427
  C:3316H         LINE#         428
  C:3316H         LINE#         429
  C:3337H         LINE#         430
  C:333FH         LINE#         431
  C:3342H         LINE#         432
  C:3342H         LINE#         433
  C:336DH         LINE#         434
  C:3375H         LINE#         435
  C:3377H         LINE#         436
  C:3377H         LINE#         437
  C:33A2H         LINE#         438
  C:33AAH         LINE#         439
  C:33ACH         LINE#         440
  C:33ACH         LINE#         441
  C:33D7H         LINE#         442
  C:33F5H         LINE#         443
  C:33F7H         LINE#         444
  C:33F7H         LINE#         445
  C:33F7H         LINE#         446
  C:33F7H         LINE#         447
  C:3407H         LINE#         448
  C:3407H         LINE#         450
  C:3407H         LINE#         451
  C:340DH         LINE#         452
  C:3418H         LINE#         453
BL51 BANKED LINKER/LOCATER V6.22                                                      07/04/2020  00:38:26  PAGE 13


  C:341BH         LINE#         454
  C:3433H         LINE#         455
  C:3445H         LINE#         456
  C:345DH         LINE#         457
  C:3468H         LINE#         458
  C:3476H         LINE#         459
  C:347EH         LINE#         460
  C:3484H         LINE#         461
  C:3489H         LINE#         462
  C:34A7H         LINE#         463
  C:34D0H         LINE#         464
  C:34E5H         LINE#         465
  C:34F6H         LINE#         466
  C:3505H         LINE#         467
  C:351EH         LINE#         468
  C:3537H         LINE#         469
  C:3550H         LINE#         470
  C:3569H         LINE#         471
  C:35ABH         LINE#         472
  C:35ABH         LINE#         474
  C:35ABH         LINE#         475
  C:35B1H         LINE#         477
  C:35C9H         LINE#         478
  C:35DBH         LINE#         479
  C:35E0H         LINE#         480
  C:35EDH         LINE#         481
  C:360CH         LINE#         482
  C:3638H         LINE#         485
  C:3638H         LINE#         486
  -------         ENDPROC       _?KEYLISTENER
  -------         PROC          INITSOURCE
  C:5591H         LINE#         489
  C:5591H         LINE#         491
  C:55ADH         LINE#         492
  C:55C9H         LINE#         493
  C:55E5H         LINE#         494
  C:5600H         LINE#         495
  C:561BH         LINE#         496
  C:5636H         LINE#         497
  C:5651H         LINE#         498
  C:566DH         LINE#         499
  -------         ENDPROC       INITSOURCE
  -------         PROC          _?BEFOREDRAW
  C:000AH         LINE#         501
  C:000AH         LINE#         503
  -------         ENDPROC       _?BEFOREDRAW
  C:3C91H         SYMBOL        L?0322
  C:3C92H         SYMBOL        L?0323
  -------         PROC          L?0321
  -------         ENDPROC       L?0321
  C:3C91H         SYMBOL        L?0322
  C:3C92H         SYMBOL        L?0323
  -------         PROC          _?BULLETISATTACKENEMY
  x:0002H         SYMBOL        bullet
  -------         DO            
  x:0000H         SYMBOL        i
  -------         ENDDO         
BL51 BANKED LINKER/LOCATER V6.22                                                      07/04/2020  00:38:26  PAGE 14


  C:3CA1H         LINE#         504
  C:3CB0H         LINE#         506
  C:3CD0H         LINE#         507
  C:3D90H         LINE#         508
  C:3E9FH         LINE#         509
  C:3FE1H         LINE#         510
  C:40E8H         LINE#         511
  C:40F8H         LINE#         512
  C:40FAH         LINE#         513
  -------         ENDPROC       _?BULLETISATTACKENEMY
  C:444AH         SYMBOL        L?0320
  -------         PROC          L?0319
  -------         ENDPROC       L?0319
  C:444AH         SYMBOL        L?0320
  -------         PROC          _?BULLETISATTACKME
  x:0000H         SYMBOL        bullet
  C:4466H         LINE#         514
  C:446FH         LINE#         515
  C:44E4H         LINE#         516
  C:4582H         LINE#         517
  C:464BH         LINE#         518
  C:46EAH         LINE#         519
  C:46ECH         LINE#         520
  -------         ENDPROC       _?BULLETISATTACKME
  -------         PROC          _?LETGAMEOVER
  C:6344H         LINE#         521
  C:6344H         LINE#         522
  C:634AH         LINE#         523
  C:6362H         LINE#         524
  C:6374H         LINE#         525
  C:6381H         LINE#         526
  C:6390H         LINE#         527
  C:63B0H         LINE#         528
  -------         ENDPROC       _?LETGAMEOVER
  -------         PROC          _?LETGAMESUCCESS
  C:63B1H         LINE#         529
  C:63B1H         LINE#         530
  C:63B7H         LINE#         531
  C:63CFH         LINE#         532
  C:63E1H         LINE#         533
  C:63EEH         LINE#         534
  C:63FDH         LINE#         535
  C:641DH         LINE#         536
  -------         ENDPROC       _?LETGAMESUCCESS
  -------         PROC          _?AFTERDRAW
  -------         DO            
  x:0000H         SYMBOL        i
  x:0002H         SYMBOL        j
  x:0004H         SYMBOL        k
  x:0006H         SYMBOL        direction
  -------         ENDDO         
  C:0026H         LINE#         537
  C:002CH         LINE#         540
  C:0037H         LINE#         541
  C:0063H         LINE#         542
  C:00A2H         LINE#         543
  C:00CCH         LINE#         544
BL51 BANKED LINKER/LOCATER V6.22                                                      07/04/2020  00:38:26  PAGE 15


  C:00F6H         LINE#         545
  C:011BH         LINE#         546
  C:013BH         LINE#         547
  C:015DH         LINE#         548
  C:0171H         LINE#         549
  C:0192H         LINE#         550
  C:0192H         LINE#         551
  C:01B6H         LINE#         552
  C:021DH         LINE#         553
  C:023BH         LINE#         554
  C:023DH         LINE#         555
  C:024FH         LINE#         556
  C:0274H         LINE#         557
  C:029FH         LINE#         558
  C:02B4H         LINE#         559
  C:0322H         LINE#         560
  C:0366H         LINE#         561
  C:038AH         LINE#         562
  C:03A3H         LINE#         563
  C:03C5H         LINE#         564
  C:03FFH         LINE#         565
  C:0447H         LINE#         566
  C:0449H         LINE#         567
  C:0449H         LINE#         568
  C:045BH         LINE#         569
  C:045BH         LINE#         570
  C:046CH         LINE#         571
  C:0489H         LINE#         572
  C:048CH         LINE#         573
  C:048CH         LINE#         574
  C:04AFH         LINE#         575
  C:0523H         LINE#         576
  C:0541H         LINE#         577
  C:0543H         LINE#         578
  C:0555H         LINE#         579
  C:057AH         LINE#         580
  C:05A4H         LINE#         581
  C:05C1H         LINE#         582
  C:062FH         LINE#         583
  C:0673H         LINE#         584
  C:0695H         LINE#         585
  C:06BAH         LINE#         586
  C:06D0H         LINE#         587
  C:0701H         LINE#         588
  C:0749H         LINE#         589
  C:074BH         LINE#         590
  C:074BH         LINE#         591
  C:075DH         LINE#         592
  C:075DH         LINE#         593
  C:076EH         LINE#         594
  C:078BH         LINE#         595
  C:078EH         LINE#         596
  C:078EH         LINE#         597
  C:07B2H         LINE#         598
  C:0819H         LINE#         599
  C:0837H         LINE#         600
  C:0839H         LINE#         601
BL51 BANKED LINKER/LOCATER V6.22                                                      07/04/2020  00:38:26  PAGE 16


  C:084BH         LINE#         602
  C:0870H         LINE#         603
  C:089BH         LINE#         604
  C:08B0H         LINE#         605
  C:091EH         LINE#         606
  C:0962H         LINE#         607
  C:0986H         LINE#         608
  C:099FH         LINE#         609
  C:09C1H         LINE#         610
  C:09FBH         LINE#         611
  C:0A43H         LINE#         612
  C:0A45H         LINE#         613
  C:0A45H         LINE#         614
  C:0A57H         LINE#         615
  C:0A57H         LINE#         616
  C:0A68H         LINE#         617
  C:0A85H         LINE#         618
  C:0A88H         LINE#         619
  C:0A88H         LINE#         620
  C:0AABH         LINE#         621
  C:0B1EH         LINE#         622
  C:0B3CH         LINE#         623
  C:0B3EH         LINE#         624
  C:0B50H         LINE#         625
  C:0B75H         LINE#         626
  C:0B9FH         LINE#         627
  C:0BBCH         LINE#         628
  C:0C2AH         LINE#         629
  C:0C6EH         LINE#         630
  C:0C92H         LINE#         631
  C:0CABH         LINE#         632
  C:0CCDH         LINE#         633
  C:0D07H         LINE#         634
  C:0D4FH         LINE#         635
  C:0D51H         LINE#         636
  C:0D51H         LINE#         637
  C:0D63H         LINE#         638
  C:0D63H         LINE#         639
  C:0D71H         LINE#         640
  C:0D8EH         LINE#         641
  C:0D90H         LINE#         642
  C:0D90H         LINE#         643
  C:0D9EH         LINE#         644
  C:0DC6H         LINE#         645
  C:0DC6H         LINE#         647
  C:0DD6H         LINE#         648
  C:0DF6H         LINE#         649
  C:0E0FH         LINE#         651
  C:0E53H         LINE#         652
  C:0EA0H         LINE#         653
  C:0EE5H         LINE#         654
  C:0F33H         LINE#         655
  C:0F5EH         LINE#         656
  C:0F6FH         LINE#         660
  C:0F90H         LINE#         661
  C:0F90H         LINE#         662
  C:0FA7H         LINE#         663
BL51 BANKED LINKER/LOCATER V6.22                                                      07/04/2020  00:38:26  PAGE 17


  C:0FB7H         LINE#         664
  C:0FD4H         LINE#         665
  C:0FE9H         LINE#         666
  C:1006H         LINE#         667
  C:1024H         LINE#         668
  C:102BH         LINE#         669
  C:1034H         LINE#         670
  C:1037H         LINE#         671
  C:1037H         LINE#         672
  C:1037H         LINE#         673
  C:103DH         LINE#         674
  C:105BH         LINE#         675
  C:1061H         LINE#         676
  C:1067H         LINE#         677
  C:106AH         LINE#         678
  C:106AH         LINE#         679
  C:106AH         LINE#         680
  C:10BFH         LINE#         681
  C:1117H         LINE#         682
  C:1170H         LINE#         683
  C:11CCH         LINE#         684
  C:1225H         LINE#         685
  C:1284H         LINE#         688
  C:1284H         LINE#         689
  C:1284H         LINE#         690
  C:12A5H         LINE#         691
  C:12B2H         LINE#         692
  C:12C2H         LINE#         693
  C:12D7H         LINE#         694
  C:12F4H         LINE#         695
  C:1312H         LINE#         696
  C:1319H         LINE#         697
  C:1322H         LINE#         698
  C:1325H         LINE#         699
  C:1325H         LINE#         700
  C:1325H         LINE#         701
  C:132BH         LINE#         702
  C:1349H         LINE#         703
  C:134FH         LINE#         704
  C:1355H         LINE#         705
  C:1358H         LINE#         706
  C:1358H         LINE#         707
  C:1358H         LINE#         708
  C:13ADH         LINE#         709
  C:1405H         LINE#         710
  C:145DH         LINE#         711
  C:14B5H         LINE#         712
  C:1510H         LINE#         713
  C:156EH         LINE#         714
  C:156EH         LINE#         715
  C:156EH         LINE#         716
  C:158FH         LINE#         717
  C:159CH         LINE#         718
  C:15ACH         LINE#         719
  C:15C1H         LINE#         720
  C:15DEH         LINE#         721
  C:15FCH         LINE#         722
BL51 BANKED LINKER/LOCATER V6.22                                                      07/04/2020  00:38:26  PAGE 18


  C:1603H         LINE#         723
  C:160CH         LINE#         724
  C:160FH         LINE#         725
  C:160FH         LINE#         726
  C:160FH         LINE#         727
  C:1615H         LINE#         728
  C:1633H         LINE#         729
  C:1639H         LINE#         730
  C:163FH         LINE#         731
  C:1642H         LINE#         732
  C:1642H         LINE#         733
  C:1642H         LINE#         734
  C:169BH         LINE#         735
  C:16F4H         LINE#         736
  C:1749H         LINE#         737
  C:17A5H         LINE#         738
  C:1801H         LINE#         739
  C:185CH         LINE#         740
  C:185CH         LINE#         741
  C:185CH         LINE#         742
  C:187DH         LINE#         743
  C:188AH         LINE#         744
  C:189AH         LINE#         745
  C:18AFH         LINE#         746
  C:18CCH         LINE#         747
  C:18EAH         LINE#         748
  C:18F1H         LINE#         749
  C:18FDH         LINE#         750
  C:1900H         LINE#         751
  C:1900H         LINE#         752
  C:1900H         LINE#         753
  C:1906H         LINE#         754
  C:1924H         LINE#         755
  C:192AH         LINE#         756
  C:1933H         LINE#         757
  C:1936H         LINE#         758
  C:1936H         LINE#         759
  C:1936H         LINE#         760
  C:198FH         LINE#         761
  C:19E4H         LINE#         762
  C:1A3CH         LINE#         763
  C:1A98H         LINE#         764
  C:1AEFH         LINE#         765
  C:1B65H         LINE#         766
  C:1B65H         LINE#         767
  C:1B65H         LINE#         768
  C:1B65H         LINE#         769
  C:1B75H         LINE#         772
  C:1B75H         LINE#         773
  -------         ENDPROC       _?AFTERDRAW
  -------         PROC          TANKGAME_INIT
  C:548AH         LINE#         774
  C:548AH         LINE#         775
  C:548DH         LINE#         776
  C:5490H         LINE#         777
  C:54A1H         LINE#         779
  C:54AAH         LINE#         780
BL51 BANKED LINKER/LOCATER V6.22                                                      07/04/2020  00:38:26  PAGE 19


  C:54C2H         LINE#         783
  C:54DAH         LINE#         785
  C:54E3H         LINE#         786
  C:54EAH         LINE#         788
  C:54FFH         LINE#         791
  C:5504H         LINE#         792
  C:551CH         LINE#         793
  C:5534H         LINE#         794
  C:5554H         LINE#         800
  C:5560H         LINE#         816
  C:5578H         LINE#         817
  C:5590H         LINE#         825
  -------         ENDPROC       TANKGAME_INIT
  -------         PROC          GETGAME
  C:0003H         LINE#         826
  C:0003H         LINE#         827
  C:0009H         LINE#         828
  -------         ENDPROC       GETGAME
  -------         PROC          TANKGAME_RENDER
  C:6BDBH         LINE#         829
  C:6BDBH         LINE#         830
  -------         ENDPROC       TANKGAME_RENDER
  -------         PROC          _?TANKGAME_INPUT
  x:0000H         SYMBOL        curTime
  C:60FDH         LINE#         833
  C:6106H         LINE#         835
  C:6111H         LINE#         836
  C:6126H         LINE#         840
  C:6129H         LINE#         842
  C:612FH         LINE#         843
  C:612FH         LINE#         844
  C:6151H         LINE#         845
  C:6157H         LINE#         846
  C:616FH         LINE#         852
  C:616FH         LINE#         853
  C:616FH         LINE#         854
  C:616FH         LINE#         856
  C:616FH         LINE#         857
  C:616FH         LINE#         858
  C:616FH         LINE#         859
  C:616FH         LINE#         860
  C:616FH         LINE#         861
  C:616FH         LINE#         862
  C:616FH         LINE#         863
  C:616FH         LINE#         882
  -------         ENDPROC       _?TANKGAME_INPUT
  -------         PROC          TANKGAME_DESTROY
  C:6BE4H         LINE#         883
  C:6BE4H         LINE#         884
  -------         ENDPROC       TANKGAME_DESTROY
  -------         ENDMOD        TANKGAME

  -------         MODULE        GAMECORE
  C:0000H         SYMBOL        _ICE_DUMMY_
  C:6AD4H         PUBLIC        lcd_Clear
  D:0080H         PUBLIC        P0
  C:6957H         PUBLIC        _?setGamePicOnGameObject
BL51 BANKED LINKER/LOCATER V6.22                                                      07/04/2020  00:38:26  PAGE 20


  D:0090H         PUBLIC        P1
  D:00A0H         PUBLIC        P2
  C:577EH         PUBLIC        _?doDrawView
  D:00B0H         PUBLIC        P3
  D:00C0H         PUBLIC        P4
  D:00C8H         PUBLIC        P5
  D:00E8H         PUBLIC        P6
  D:00F8H         PUBLIC        P7
  C:6A96H         PUBLIC        _setGameObjectBitmap
  C:6A58H         PUBLIC        _FreeGameCore
  D:00A8H         PUBLIC        IE
  C:6B99H         PUBLIC        _mem_calloc
  D:00B8H         PUBLIC        IP
  B:00C0H.6       PUBLIC        LCD_PSB
  C:5132H         PUBLIC        _?drawNumber
  C:6B11H         PUBLIC        _delay_fast
  D:00D8H         PUBLIC        CCON
  C:6B3EH         PUBLIC        newGameObject
  C:5F58H         PUBLIC        clsGameRender
  C:6BEDH         PUBLIC        _setDisplay
  B:00C0H.7       PUBLIC        LCD_RST
  D:0098H         PUBLIC        SCON
  D:0088H         PUBLIC        TCON
  C:4100H         PUBLIC        _doGameRender
  C:5A2FH         PUBLIC        _drawPixel
  C:6BABH         PUBLIC        initGameCore
  C:46F2H         PUBLIC        _doDrawObject
  C:4FF7H         PUBLIC        _drawOneNumber
  C:69D8H         PUBLIC        _lcd_wcmd
  C:6BF5H         PUBLIC        setGameObjectSize
  C:5EB6H         PUBLIC        _getPixel
  C:680AH         PUBLIC        _drawByte
  C:67A3H         PUBLIC        _lcd_wdat
  B:00B0H.7       PUBLIC        LCD_EN
  C:6B24H         PUBLIC        lcd_init
  C:5E13H         PUBLIC        _doGameFullRender
  C:5689H         PUBLIC        _?findElementByIdFromGameObject
  C:6A77H         PUBLIC        _setRootGameObject
  C:5BE1H         PUBLIC        _newGameCore
  C:641EH         PUBLIC        _getByte
  B:00B0H.5       PUBLIC        LCD_RS
  C:6B85H         PUBLIC        lcd_busy
  C:6855H         PUBLIC        _?setGameObjectPos
  C:648BH         PUBLIC        _getPixelFromGame
  C:6AB5H         PUBLIC        _FreeGameObject
  C:6BC7H         PUBLIC        _findElementById
  B:00B0H.6       PUBLIC        LCD_RW
  C:6618H         PUBLIC        mask1
  C:6620H         PUBLIC        mask2
  C:6628H         PUBLIC        mask3
  C:6630H         PUBLIC        mask4
  C:61EBH         PUBLIC        _appendChild
  C:5D68H         PUBLIC        _doDraw
  C:65BFH         PUBLIC        _newGamePic
  X:0000H         SYMBOL        gameCore_membuff
  C:6BF4H         PUBLIC        _DestroyGameCore
  C:6071H         PUBLIC        _removeChild
BL51 BANKED LINKER/LOCATER V6.22                                                      07/04/2020  00:38:26  PAGE 21


  C:6638H         PUBLIC        number58
  D:00D0H         PUBLIC        PSW
  -------         PROC          LCD_BUSY
  -------         DO            
  B:0020H.0       SYMBOL        result
  -------         ENDDO         
  C:6B85H         LINE#         31
  C:6B85H         LINE#         33
  C:6B87H         LINE#         34
  C:6B89H         LINE#         35
  C:6B8BH         LINE#         36
  C:6B8FH         LINE#         37
  C:6B94H         LINE#         38
  C:6B96H         LINE#         39
  C:6B98H         LINE#         40
  -------         ENDPROC       LCD_BUSY
  -------         PROC          L?0190
  -------         ENDPROC       L?0190
  -------         PROC          _LCD_WCMD
  D:0007H         SYMBOL        cmd
  C:69D8H         LINE#         47
  C:69D8H         LINE#         48
  C:69DDH         LINE#         49
  C:69DFH         LINE#         50
  C:69E1H         LINE#         51
  C:69E3H         LINE#         52
  C:69E4H         LINE#         53
  C:69E5H         LINE#         54
  C:69E7H         LINE#         55
  C:69EBH         LINE#         56
  C:69EDH         LINE#         57
  C:69F1H         LINE#         58
  C:69F3H         LINE#         59
  -------         ENDPROC       _LCD_WCMD
  C:678AH         SYMBOL        L?0187
  -------         PROC          L?0186
  -------         ENDPROC       L?0186
  C:678AH         SYMBOL        L?0187
  -------         PROC          _LCD_WDAT
  D:0007H         SYMBOL        dat
  C:67A3H         LINE#         66
  C:67A3H         LINE#         67
  C:67A8H         LINE#         68
  C:67AAH         LINE#         69
  C:67ACH         LINE#         70
  C:67AEH         LINE#         71
  C:67B0H         LINE#         72
  C:67B4H         LINE#         73
  C:67B6H         LINE#         74
  C:67BAH         LINE#         75
  C:67BCH         LINE#         76
  -------         ENDPROC       _LCD_WDAT
  C:6B0DH         SYMBOL        L?0189
  -------         PROC          L?0188
  -------         ENDPROC       L?0188
  C:6B0DH         SYMBOL        L?0189
  -------         PROC          _DELAY_FAST
BL51 BANKED LINKER/LOCATER V6.22                                                      07/04/2020  00:38:26  PAGE 22


  D:0006H         SYMBOL        ii
  C:6B11H         LINE#         82
  C:6B11H         LINE#         83
  C:6B23H         LINE#         84
  -------         ENDPROC       _DELAY_FAST
  -------         PROC          LCD_INIT
  C:6B24H         LINE#         85
  C:6B24H         LINE#         86
  C:6B26H         LINE#         87
  C:6B28H         LINE#         88
  C:6B2AH         LINE#         89
  C:6B2FH         LINE#         90
  C:6B34H         LINE#         91
  C:6B39H         LINE#         92
  -------         ENDPROC       LCD_INIT
  -------         PROC          LCD_CLEAR
  C:6AD4H         LINE#         95
  C:6AD4H         LINE#         96
  C:6AD9H         LINE#         97
  C:6ADCH         LINE#         98
  C:6AE1H         LINE#         99
  C:6AE4H         LINE#         100
  C:6AE9H         LINE#         101
  -------         ENDPROC       LCD_CLEAR
  -------         PROC          INITGAMECORE
  C:6BABH         LINE#         104
  C:6BABH         LINE#         105
  C:6BB6H         LINE#         106
  -------         ENDPROC       INITGAMECORE
  -------         PROC          _NEWGAMEPIC
  X:0E34H         SYMBOL        pic
  X:0E37H         SYMBOL        w
  X:0E39H         SYMBOL        h
  -------         DO            
  X:0E3BH         SYMBOL        gamePic
  -------         ENDDO         
  C:65BFH         LINE#         108
  C:65CDH         LINE#         110
  C:65E4H         LINE#         111
  C:65F9H         LINE#         112
  C:660CH         LINE#         113
  C:6617H         LINE#         114
  C:6617H         LINE#         115
  -------         ENDPROC       _NEWGAMEPIC
  -------         PROC          CLSGAMERENDER
  -------         DO            
  D:0002H         SYMBOL        i
  X:0E8EH         SYMBOL        j
  -------         ENDDO         
  C:5F58H         LINE#         116
  C:5F58H         LINE#         119
  C:5F5BH         LINE#         120
  C:5F67H         LINE#         121
  C:5F8CH         LINE#         122
  C:5F93H         LINE#         123
  C:5F9EH         LINE#         124
  C:5FA1H         LINE#         125
BL51 BANKED LINKER/LOCATER V6.22                                                      07/04/2020  00:38:26  PAGE 23


  C:5FADH         LINE#         126
  C:5FD2H         LINE#         127
  C:5FD9H         LINE#         128
  C:5FE4H         LINE#         130
  -------         ENDPROC       CLSGAMERENDER
  -------         PROC          _NEWGAMECORE
  X:0E34H         SYMBOL        w
  X:0E36H         SYMBOL        h
  -------         DO            
  X:0E38H         SYMBOL        gameCore
  -------         ENDDO         
  C:5BE1H         LINE#         131
  C:5BEFH         LINE#         132
  C:5C06H         LINE#         134
  C:5C0EH         LINE#         135
  C:5C1FH         LINE#         136
  C:5C5EH         LINE#         137
  C:5C9DH         LINE#         138
  C:5CA0H         LINE#         139
  C:5CA6H         LINE#         140
  -------         ENDPROC       _NEWGAMECORE
  -------         PROC          _DRAWPIXEL
  X:0E57H         SYMBOL        game
  X:0E5AH         SYMBOL        x
  X:0E5BH         SYMBOL        y
  X:0E5CH         SYMBOL        result
  C:5A2FH         LINE#         149
  C:5A3AH         LINE#         150
  C:5A70H         LINE#         151
  C:5A76H         LINE#         152
  C:5AB3H         LINE#         153
  C:5AB5H         LINE#         154
  C:5B0FH         LINE#         155
  -------         ENDPROC       _DRAWPIXEL
  -------         PROC          _DRAWBYTE
  X:0E57H         SYMBOL        game
  X:0E5AH         SYMBOL        x
  X:0E5BH         SYMBOL        y
  X:0E5CH         SYMBOL        result
  C:680AH         LINE#         156
  C:6815H         LINE#         157
  -------         ENDPROC       _DRAWBYTE
  -------         PROC          _GETPIXEL
  X:0E57H         SYMBOL        gamePic
  X:0E5AH         SYMBOL        x
  X:0E5CH         SYMBOL        y
  -------         DO            
  D:0002H         SYMBOL        w
  -------         ENDDO         
  C:5EB6H         LINE#         173
  C:5EC4H         LINE#         175
  C:5ED3H         LINE#         176
  C:5EEFH         LINE#         177
  C:5F57H         LINE#         178
  -------         ENDPROC       _GETPIXEL
  -------         PROC          _GETBYTE
  X:0E57H         SYMBOL        gamePic
BL51 BANKED LINKER/LOCATER V6.22                                                      07/04/2020  00:38:26  PAGE 24


  X:0E5AH         SYMBOL        x
  X:0E5CH         SYMBOL        y
  -------         DO            
  D:0002H         SYMBOL        w
  -------         ENDDO         
  C:641EH         LINE#         179
  C:642CH         LINE#         181
  C:643BH         LINE#         182
  C:6457H         LINE#         183
  C:648AH         LINE#         184
  -------         ENDPROC       _GETBYTE
  -------         PROC          _GETPIXELFROMGAME
  D:0001H         SYMBOL        game
  X:0E37H         SYMBOL        x
  X:0E39H         SYMBOL        y
  C:648BH         LINE#         185
  C:6493H         LINE#         186
  C:64F6H         LINE#         187
  -------         ENDPROC       _GETPIXELFROMGAME
  -------         PROC          _DODRAWOBJECT
  X:0E45H         SYMBOL        game
  X:0E48H         SYMBOL        gameObject
  -------         DO            
  X:0E4BH         SYMBOL        i
  X:0E4DH         SYMBOL        j
  X:0E4FH         SYMBOL        x
  X:0E51H         SYMBOL        y
  X:0E53H         SYMBOL        w
  X:0E55H         SYMBOL        h
  -------         ENDDO         
  C:46F2H         LINE#         188
  C:46F8H         LINE#         190
  C:470CH         LINE#         191
  C:471EH         LINE#         192
  C:472DH         LINE#         193
  C:4742H         LINE#         194
  C:4751H         LINE#         196
  C:477DH         LINE#         198
  C:47A1H         LINE#         199
  C:47CBH         LINE#         200
  C:483DH         LINE#         209
  C:483DH         LINE#         235
  C:4862H         LINE#         236
  C:4885H         LINE#         237
  C:490EH         LINE#         238
  C:490EH         LINE#         239
  -------         ENDPROC       _DODRAWOBJECT
  -------         PROC          _?DODRAWVIEW
  x:0002H         SYMBOL        game
  x:0005H         SYMBOL        gameObject
  -------         DO            
  x:0000H         SYMBOL        i
  -------         ENDDO         
  C:577EH         LINE#         240
  C:578DH         LINE#         241
  C:5797H         LINE#         242
  C:57ABH         LINE#         243
BL51 BANKED LINKER/LOCATER V6.22                                                      07/04/2020  00:38:26  PAGE 25


  C:57D4H         LINE#         244
  C:57D4H         LINE#         245
  C:5809H         LINE#         246
  C:5844H         LINE#         247
  C:5861H         LINE#         248
  -------         ENDPROC       _?DODRAWVIEW
  -------         PROC          _SETDISPLAY
  D:0001H         SYMBOL        gameObject
  D:0005H         SYMBOL        is
  C:6BEDH         LINE#         249
  C:6BEDH         LINE#         250
  -------         ENDPROC       _SETDISPLAY
  -------         PROC          _DODRAW
  X:0E42H         SYMBOL        gameCore
  -------         DO            
  D:0006H         SYMBOL        i
  -------         ENDDO         
  C:5D68H         LINE#         252
  C:5D6EH         LINE#         254
  C:5D7CH         LINE#         255
  C:5D90H         LINE#         256
  C:5DB4H         LINE#         257
  C:5DD4H         LINE#         258
  C:5DF2H         LINE#         259
  C:5E12H         LINE#         260
  -------         ENDPROC       _DODRAW
  -------         PROC          _DOGAMEFULLRENDER
  D:0001H         SYMBOL        gameCore
  -------         DO            
  X:0E66H         SYMBOL        bmp
  D:0005H         SYMBOL        i
  X:0E69H         SYMBOL        j
  X:0E6AH         SYMBOL        n
  -------         ENDDO         
  C:5E13H         LINE#         261
  C:5E13H         LINE#         264
  C:5E1AH         LINE#         265
  C:5E26H         LINE#         266
  C:5E2BH         LINE#         267
  C:5E2DH         LINE#         268
  C:5E34H         LINE#         269
  C:5E39H         LINE#         270
  C:5E66H         LINE#         271
  C:5E69H         LINE#         272
  C:5E6EH         LINE#         273
  C:5E70H         LINE#         274
  C:5E70H         LINE#         275
  C:5E77H         LINE#         276
  C:5E7CH         LINE#         277
  C:5EA9H         LINE#         278
  C:5EACH         LINE#         279
  C:5EB1H         LINE#         280
  -------         ENDPROC       _DOGAMEFULLRENDER
  -------         PROC          _DOGAMERENDER
  X:0E34H         SYMBOL        gameCore
  -------         DO            
  X:0E37H         SYMBOL        i
BL51 BANKED LINKER/LOCATER V6.22                                                      07/04/2020  00:38:26  PAGE 26


  X:0E39H         SYMBOL        j
  X:0E3BH         SYMBOL        w
  X:0E3DH         SYMBOL        h
  X:0E3FH         SYMBOL        n
  X:0E41H         SYMBOL        isUpdate
  -------         ENDDO         
  C:4100H         LINE#         282
  C:4106H         LINE#         283
  C:410DH         LINE#         284
  C:410FH         LINE#         285
  C:411DH         LINE#         286
  C:4142H         LINE#         287
  C:4154H         LINE#         288
  C:4160H         LINE#         289
  C:4167H         LINE#         290
  C:4167H         LINE#         291
  C:4175H         LINE#         292
  C:4178H         LINE#         295
  C:4193H         LINE#         296
  C:41B1H         LINE#         298
  C:41D6H         LINE#         299
  C:41FCH         LINE#         300
  C:421CH         LINE#         301
  C:428EH         LINE#         302
  C:429CH         LINE#         303
  C:429FH         LINE#         304
  C:42B3H         LINE#         305
  C:42CEH         LINE#         306
  C:42D1H         LINE#         307
  C:42D4H         LINE#         308
  C:42D4H         LINE#         309
  C:42E1H         LINE#         310
  C:42EEH         LINE#         311
  C:4313H         LINE#         312
  C:4339H         LINE#         313
  C:435EH         LINE#         314
  C:43D0H         LINE#         315
  C:43DEH         LINE#         316
  C:43E1H         LINE#         317
  C:43F5H         LINE#         318
  C:4410H         LINE#         319
  C:4413H         LINE#         320
  C:4416H         LINE#         321
  C:4416H         LINE#         322
  C:4423H         LINE#         323
  C:4430H         LINE#         324
  C:443BH         LINE#         325
  C:4449H         LINE#         327
  -------         ENDPROC       _DOGAMERENDER
  -------         PROC          _FREEGAMECORE
  X:0E88H         SYMBOL        game
  C:6A58H         LINE#         328
  C:6A5EH         LINE#         329
  C:6A6BH         LINE#         330
  -------         ENDPROC       _FREEGAMECORE
  -------         PROC          _DESTROYGAMECORE
  X:0000H         SYMBOL        game
BL51 BANKED LINKER/LOCATER V6.22                                                      07/04/2020  00:38:26  PAGE 27


  C:6BF4H         LINE#         332
  C:6BF4H         LINE#         333
  C:6BF4H         LINE#         336
  -------         ENDPROC       _DESTROYGAMECORE
  -------         PROC          _?FINDELEMENTBYIDFROMGAMEOBJECT
  x:0005H         SYMBOL        gameObject
  x:0008H         SYMBOL        id
  -------         DO            
  x:0000H         SYMBOL        i
  -------         DO            
  x:0002H         SYMBOL        result
  -------         ENDDO         
  -------         ENDDO         
  C:5689H         LINE#         337
  C:56A0H         LINE#         338
  C:56AAH         LINE#         339
  C:56C7H         LINE#         340
  C:56C7H         LINE#         341
  C:56FCH         LINE#         343
  C:5738H         LINE#         344
  C:5755H         LINE#         345
  C:5755H         LINE#         346
  C:5772H         LINE#         347
  C:5778H         LINE#         348
  -------         ENDPROC       _?FINDELEMENTBYIDFROMGAMEOBJECT
  -------         PROC          _FINDELEMENTBYID
  D:0001H         SYMBOL        game
  D:0005H         SYMBOL        id
  C:6BC7H         LINE#         349
  C:6BC7H         LINE#         350
  C:6BD0H         LINE#         351
  -------         ENDPROC       _FINDELEMENTBYID
  -------         PROC          NEWGAMEOBJECT
  -------         DO            
  D:0001H         SYMBOL        gameObject
  -------         ENDDO         
  C:6B3EH         LINE#         352
  C:6B3EH         LINE#         353
  C:6B4FH         LINE#         354
  C:6B57H         LINE#         355
  C:6B57H         LINE#         356
  -------         ENDPROC       NEWGAMEOBJECT
  -------         PROC          _?SETGAMEOBJECTPOS
  x:0000H         SYMBOL        gameObject
  x:0003H         SYMBOL        x
  x:0005H         SYMBOL        y
  C:6855H         LINE#         357
  C:6869H         LINE#         358
  C:687FH         LINE#         359
  C:6898H         LINE#         360
  -------         ENDPROC       _?SETGAMEOBJECTPOS
  -------         PROC          SETGAMEOBJECTSIZE
  C:6BF5H         LINE#         361
  C:6BF5H         LINE#         363
  -------         ENDPROC       SETGAMEOBJECTSIZE
  -------         PROC          _SETROOTGAMEOBJECT
  X:0E6CH         SYMBOL        game
BL51 BANKED LINKER/LOCATER V6.22                                                      07/04/2020  00:38:26  PAGE 28


  X:0E6FH         SYMBOL        gameObject
  C:6A77H         LINE#         364
  C:6A7DH         LINE#         365
  C:6A95H         LINE#         366
  -------         ENDPROC       _SETROOTGAMEOBJECT
  -------         PROC          _SETGAMEOBJECTBITMAP
  X:0E72H         SYMBOL        gameObject
  X:0E75H         SYMBOL        gamePic
  C:6A96H         LINE#         367
  C:6A9CH         LINE#         368
  C:6AB4H         LINE#         369
  -------         ENDPROC       _SETGAMEOBJECTBITMAP
  -------         PROC          _FREEGAMEOBJECT
  X:0E8BH         SYMBOL        gameObject
  C:6AB5H         LINE#         370
  C:6ABBH         LINE#         371
  C:6AC8H         LINE#         372
  -------         ENDPROC       _FREEGAMEOBJECT
  -------         PROC          _?SETGAMEPICONGAMEOBJECT
  x:0000H         SYMBOL        pic
  x:0003H         SYMBOL        obj
  C:6957H         LINE#         374
  C:6960H         LINE#         376
  C:697EH         LINE#         377
  -------         ENDPROC       _?SETGAMEPICONGAMEOBJECT
  -------         PROC          _APPENDCHILD
  X:0E34H         SYMBOL        parent
  X:0E37H         SYMBOL        child
  -------         DO            
  D:0006H         SYMBOL        i
  -------         ENDDO         
  C:61EBH         LINE#         378
  C:61F1H         LINE#         379
  C:61F4H         LINE#         380
  C:61F4H         LINE#         381
  C:621CH         LINE#         382
  C:624BH         LINE#         383
  C:624EH         LINE#         384
  C:624EH         LINE#         385
  C:625DH         LINE#         386
  C:625FH         LINE#         387
  -------         ENDPROC       _APPENDCHILD
  -------         PROC          _REMOVECHILD
  X:0E78H         SYMBOL        parent
  X:0E7BH         SYMBOL        child
  -------         DO            
  D:0006H         SYMBOL        i
  -------         ENDDO         
  C:6071H         LINE#         388
  C:6077H         LINE#         389
  C:607AH         LINE#         390
  C:607AH         LINE#         391
  C:60BCH         LINE#         392
  C:60E8H         LINE#         393
  C:60EBH         LINE#         394
  C:60EBH         LINE#         395
  C:60FAH         LINE#         396
BL51 BANKED LINKER/LOCATER V6.22                                                      07/04/2020  00:38:26  PAGE 29


  C:60FCH         LINE#         397
  -------         ENDPROC       _REMOVECHILD
  -------         PROC          _DRAWONENUMBER
  X:0E34H         SYMBOL        game
  X:0E37H         SYMBOL        number
  X:0E38H         SYMBOL        x
  X:0E3AH         SYMBOL        y
  -------         DO            
  X:0E3CH         SYMBOL        i
  X:0E3EH         SYMBOL        j
  X:0E40H         SYMBOL        n
  D:0004H         SYMBOL        offset
  -------         ENDDO         
  C:4FF7H         LINE#         398
  C:5002H         LINE#         400
  C:5013H         LINE#         403
  C:501AH         LINE#         404
  C:5021H         LINE#         405
  C:505BH         LINE#         406
  C:5075H         LINE#         407
  C:50AAH         LINE#         408
  C:50CFH         LINE#         410
  C:50F5H         LINE#         415
  C:5113H         LINE#         416
  C:5131H         LINE#         417
  -------         ENDPROC       _DRAWONENUMBER
  -------         PROC          _?DRAWNUMBER
  x:0006H         SYMBOL        game
  x:0009H         SYMBOL        number
  x:000DH         SYMBOL        x
  x:000FH         SYMBOL        y
  -------         DO            
  x:0000H         SYMBOL        n
  x:0004H         SYMBOL        count
  -------         ENDDO         
  C:5132H         LINE#         418
  C:514AH         LINE#         420
  C:5154H         LINE#         421
  C:5166H         LINE#         422
  C:5166H         LINE#         423
  C:5183H         LINE#         424
  C:5190H         LINE#         425
  C:51A4H         LINE#         427
  C:51B6H         LINE#         428
  C:51D3H         LINE#         429
  C:523EH         LINE#         430
  C:525BH         LINE#         431
  C:525EH         LINE#         432
  -------         ENDPROC       _?DRAWNUMBER
  -------         PROC          _MEM_CALLOC
  D:0006H         SYMBOL        leng
  C:6B99H         LINE#         433
  C:6B99H         LINE#         434
  C:6BAAH         LINE#         435
  -------         ENDPROC       _MEM_CALLOC
  -------         ENDMOD        GAMECORE

BL51 BANKED LINKER/LOCATER V6.22                                                      07/04/2020  00:38:26  PAGE 30


  -------         MODULE        OS_CORE
  C:0000H         SYMBOL        _ICE_DUMMY_
  I:0021H         PUBLIC        OSRdyGrp
  D:0080H         PUBLIC        P0
  D:0090H         PUBLIC        P1
  D:00A0H         PUBLIC        P2
  D:00B0H         PUBLIC        P3
  D:00C0H         PUBLIC        P4
  D:00C8H         PUBLIC        P5
  B:00A8H.7       PUBLIC        EA
  D:00E8H         PUBLIC        P6
  D:00F8H         PUBLIC        P7
  I:0022H         PUBLIC        OSRunning
  I:0023H         PUBLIC        OSLockNesting
  D:00A8H         PUBLIC        IE
  D:00B8H         PUBLIC        IP
  C:691CH         PUBLIC        _?OS_TaskIdle
  I:0024H         PUBLIC        OSTCBList
  X:0DA3H         PUBLIC        OSTCBTbl
  I:0027H         PUBLIC        OSTCBFreeList
  D:00D8H         PUBLIC        CCON
  I:002AH         PUBLIC        OSTCBCur
  C:538AH         PUBLIC        OSUnMapTbl
  I:002DH         PUBLIC        OSIntNesting
  I:002EH         PUBLIC        OSTCBHighRdy
  D:0098H         PUBLIC        SCON
  C:655DH         PUBLIC        _?OSStart
  X:0DF8H         PUBLIC        OSTime
  D:0088H         PUBLIC        TCON
  C:4CFDH         PUBLIC        _?OSInit
  I:0031H         PUBLIC        OSTCBPrioTbl
  C:594BH         PUBLIC        _?OSTimeTick
  I:0043H         PUBLIC        OSIntExitY
  I:0044H         PUBLIC        OSCtxSwCtr
  I:0048H         PUBLIC        OSIdleCtr
  C:6BB9H         PUBLIC        _?OSIntEnter
  I:004CH         PUBLIC        OSTaskCtr
  C:5382H         PUBLIC        OSMapTbl
  I:004DH         PUBLIC        OSPrioCur
  C:6175H         PUBLIC        _?OS_Sched
  C:62D4H         PUBLIC        _?OSIntExit
  X:0DFCH         PUBLIC        OSTaskIdleStk
  C:490FH         PUBLIC        _?OS_TCBInit
  I:004EH         PUBLIC        OSPrioHighRdy
  X:0E33H         PUBLIC        OSRdyTbl
  D:00D0H         PUBLIC        PSW
  -------         PROC          _?OSINIT
  -------         DO            
  x:0000H         SYMBOL        i
  x:0002H         SYMBOL        prdytbl
  x:0005H         SYMBOL        ptcb1
  x:0008H         SYMBOL        ptcb2
  -------         ENDDO         
  C:4CFDH         LINE#         72
  C:4D03H         LINE#         85
  C:4D06H         LINE#         89
  C:4D10H         LINE#         91
BL51 BANKED LINKER/LOCATER V6.22                                                      07/04/2020  00:38:26  PAGE 31


  C:4D14H         LINE#         92
  C:4D17H         LINE#         93
  C:4D1AH         LINE#         94
  C:4D1DH         LINE#         95
  C:4D26H         LINE#         101
  C:4D2FH         LINE#         102
  C:4D33H         LINE#         103
  C:4D44H         LINE#         104
  C:4D60H         LINE#         105
  C:4D73H         LINE#         106
  C:4D81H         LINE#         108
  C:4D85H         LINE#         109
  C:4D87H         LINE#         110
  C:4D8FH         LINE#         111
  C:4D94H         LINE#         112
  C:4D99H         LINE#         113
  C:4DB6H         LINE#         114
  C:4DC7H         LINE#         115
  C:4DD6H         LINE#         116
  C:4DE5H         LINE#         117
  C:4DF4H         LINE#         118
  C:4E10H         LINE#         119
  C:4E2EH         LINE#         120
  C:4E3CH         LINE#         121
  C:4E4AH         LINE#         122
  C:4E59H         LINE#         123
  C:4E74H         LINE#         124
  C:4E7FH         LINE#         189
  C:4EAFH         LINE#         235
  C:4EB2H         LINE#         237
  -------         ENDPROC       _?OSINIT
  -------         PROC          _?OSINTENTER
  C:6BB9H         LINE#         262
  C:6BB9H         LINE#         269
  C:6BBBH         LINE#         270
  C:6BC3H         LINE#         271
  C:6BC4H         LINE#         272
  C:6BC4H         LINE#         273
  C:6BC6H         LINE#         274
  -------         ENDPROC       _?OSINTENTER
  -------         PROC          _?OSINTEXIT
  C:62D4H         LINE#         295
  C:62D4H         LINE#         302
  C:62D6H         LINE#         303
  C:62DEH         LINE#         304
  C:62DFH         LINE#         305
  C:62DFH         LINE#         306
  C:62E9H         LINE#         307
  C:62F3H         LINE#         308
  C:6311H         LINE#         309
  C:6316H         LINE#         310
  C:6327H         LINE#         311
  C:633EH         LINE#         312
  C:6341H         LINE#         313
  C:6341H         LINE#         314
  C:6341H         LINE#         315
  C:6343H         LINE#         316
BL51 BANKED LINKER/LOCATER V6.22                                                      07/04/2020  00:38:26  PAGE 32


  -------         ENDPROC       _?OSINTEXIT
  -------         PROC          _?OSSTART
  -------         DO            
  x:0000H         SYMBOL        y
  x:0001H         SYMBOL        x
  -------         ENDDO         
  C:655DH         LINE#         412
  C:6563H         LINE#         418
  C:6568H         LINE#         419
  C:6575H         LINE#         420
  C:658DH         LINE#         421
  C:65A0H         LINE#         422
  C:65A2H         LINE#         423
  C:65B1H         LINE#         424
  C:65B6H         LINE#         425
  C:65B9H         LINE#         426
  C:65B9H         LINE#         427
  -------         ENDPROC       _?OSSTART
  -------         PROC          _?OSTIMETICK
  -------         DO            
  x:0000H         SYMBOL        ptcb
  -------         ENDDO         
  C:594BH         LINE#         483
  C:5951H         LINE#         491
  C:5954H         LINE#         493
  C:5956H         LINE#         494
  C:596FH         LINE#         495
  C:5971H         LINE#         497
  C:597FH         LINE#         498
  C:5995H         LINE#         499
  C:5997H         LINE#         500
  C:59A1H         LINE#         501
  C:59B8H         LINE#         502
  C:59C1H         LINE#         503
  C:59CBH         LINE#         504
  C:59F7H         LINE#         505
  C:59F9H         LINE#         506
  C:5A0CH         LINE#         507
  C:5A0CH         LINE#         508
  C:5A0CH         LINE#         509
  C:5A0CH         LINE#         510
  C:5A24H         LINE#         511
  C:5A26H         LINE#         512
  C:5A29H         LINE#         513
  -------         ENDPROC       _?OSTIMETICK
  -------         PROC          _?OS_SCHED
  -------         DO            
  x:0000H         SYMBOL        y
  -------         ENDDO         
  C:6175H         LINE#         737
  C:617BH         LINE#         745
  C:617DH         LINE#         746
  C:6187H         LINE#         747
  C:6195H         LINE#         748
  C:61B3H         LINE#         749
  C:61B8H         LINE#         750
  C:61C9H         LINE#         751
BL51 BANKED LINKER/LOCATER V6.22                                                      07/04/2020  00:38:26  PAGE 33


  C:61E0H         LINE#         752
  C:61E3H         LINE#         753
  C:61E3H         LINE#         754
  C:61E3H         LINE#         755
  C:61E5H         LINE#         756
  -------         ENDPROC       _?OS_SCHED
  -------         PROC          _?OS_TASKIDLE
  x:0000H         SYMBOL        ppdata
  C:691CH         LINE#         779
  C:6925H         LINE#         786
  C:6937H         LINE#         787
  C:6937H         LINE#         788
  C:6939H         LINE#         789
  C:6950H         LINE#         790
  C:6952H         LINE#         791
  C:6955H         LINE#         792
  -------         ENDPROC       _?OS_TASKIDLE
  -------         PROC          _?OS_TCBINIT
  x:0003H         SYMBOL        prio
  x:0004H         SYMBOL        ptos
  x:0007H         SYMBOL        pbos
  x:000AH         SYMBOL        id
  x:000CH         SYMBOL        stk_size
  x:0010H         SYMBOL        pext
  x:0013H         SYMBOL        opt
  -------         DO            
  x:0000H         SYMBOL        ptcb
  -------         ENDDO         
  C:490FH         LINE#         900
  C:4926H         LINE#         908
  C:4928H         LINE#         909
  C:4936H         LINE#         910
  C:4947H         LINE#         911
  C:495BH         LINE#         912
  C:495DH         LINE#         913
  C:4978H         LINE#         914
  C:4990H         LINE#         915
  C:4997H         LINE#         916
  C:49A0H         LINE#         925
  C:49B2H         LINE#         926
  C:49C4H         LINE#         927
  C:49D6H         LINE#         928
  C:49ECH         LINE#         929
  C:4A02H         LINE#         936
  C:4A20H         LINE#         937
  C:4A30H         LINE#         938
  C:4A39H         LINE#         939
  C:4A49H         LINE#         954
  C:4A4CH         LINE#         957
  C:4A58H         LINE#         959
  C:4A5AH         LINE#         960
  C:4A74H         LINE#         961
  C:4A8EH         LINE#         962
  C:4AA9H         LINE#         963
  C:4AB3H         LINE#         964
  C:4ACDH         LINE#         965
  C:4ACDH         LINE#         966
BL51 BANKED LINKER/LOCATER V6.22                                                      07/04/2020  00:38:26  PAGE 34


  C:4ADBH         LINE#         967
  C:4AE5H         LINE#         968
  C:4B11H         LINE#         969
  C:4B13H         LINE#         970
  C:4B17H         LINE#         971
  C:4B17H         LINE#         972
  C:4B19H         LINE#         973
  C:4B1BH         LINE#         974
  -------         ENDPROC       _?OS_TCBINIT
  -------         ENDMOD        OS_CORE

  -------         MODULE        OS_CPU_C
  C:0000H         SYMBOL        _ICE_DUMMY_
  D:0080H         PUBLIC        P0
  D:0090H         PUBLIC        P1
  D:00A0H         PUBLIC        P2
  D:00B0H         PUBLIC        P3
  D:00C0H         PUBLIC        P4
  C:4B21H         PUBLIC        _?OSTaskStkInit
  D:00C8H         PUBLIC        P5
  D:00E8H         PUBLIC        P6
  D:00F8H         PUBLIC        P7
  D:00A8H         PUBLIC        IE
  C:6BF8H         PUBLIC        _?OSTaskSwHook
  D:00B8H         PUBLIC        IP
  D:00D8H         PUBLIC        CCON
  C:6A16H         PUBLIC        _?OSTaskCreateHook
  C:6A37H         PUBLIC        _?OSTCBInitHook
  D:0098H         PUBLIC        SCON
  D:0088H         PUBLIC        TCON
  C:6BF6H         PUBLIC        _?OSInitHookBegin
  C:6BFAH         PUBLIC        _?OSTaskIdleHook
  C:6BF9H         PUBLIC        _?OSTimeTickHook
[...]


  C:64F7H         SEGMENT       ?PR?OSCTXSW?OS_CPU_A
  C:6BD1H         SEGMENT       ?PR?OSINTCTXSW?OS_CPU_A
  C:6670H         SEGMENT       ?PR?OSTICKISR?OS_CPU_A
  C:671AH         SEGMENT       ?PR?_?SERIAL?OS_CPU_A
  I:004FH         SEGMENT       ?STACK
  C:64F7H         PUBLIC        OSCTXSW
  C:6BD1H         PUBLIC        OSINTCTXSW
  C:66C8H         PUBLIC        OSSTARTHIGHRDY
  C:6670H         PUBLIC        OSTICKISR
  C:671AH         PUBLIC        SERIALISR
  D:00E0H         SYMBOL        ACC
  D:00F0H         SYMBOL        B
  D:0083H         SYMBOL        DPH
  D:0082H         SYMBOL        DPL
  B:00A8H.7       SYMBOL        EA
  C:66CBH         SYMBOL        OSCTXSW_IN
  C:6519H         SYMBOL        OSINTCTXSW_IN
  I:0050H         SYMBOL        OSSTACK
  I:004FH         SYMBOL        OSSTKSTART
  N:0000H         SYMBOL        OS_CPU_A
  D:00D0H         SYMBOL        PSW
  C:66E1H         SYMBOL        RESTORE_STACK
  C:6535H         SYMBOL        SAVE_STACK
  D:0081H         SYMBOL        SP
  D:008CH         SYMBOL        TH0
  D:008AH         SYMBOL        TL0
  B:0088H.4       SYMBOL        TR0
  C:66C8H         LINE#         129
  C:66CBH         LINE#         134
  C:66CDH         LINE#         135
  C:66CEH         LINE#         136
  C:66D0H         LINE#         137
  C:66D1H         LINE#         138
  C:66D3H         LINE#         141
  C:66D4H         LINE#         142
  C:66D5H         LINE#         143
  C:66D6H         LINE#         144
  C:66D7H         LINE#         145
  C:66D8H         LINE#         146
  C:66D9H         LINE#         147
  C:66DBH         LINE#         148
  C:66DDH         LINE#         151
  C:66DEH         LINE#         152
  C:66DFH         LINE#         155
  C:66E1H         LINE#         158
  C:66E2H         LINE#         159
  C:66E3H         LINE#         160
  C:66E4H         LINE#         161
  C:66E5H         LINE#         162
  C:66E7H         LINE#         165
  C:66E9H         LINE#         168
  C:66EAH         LINE#         169
  C:66EBH         LINE#         170
  C:66EDH         LINE#         171
  C:66EEH         LINE#         172
  C:66EFH         LINE#         173
  C:66F1H         LINE#         176
BL51 BANKED LINKER/LOCATER V6.22                                                      07/04/2020  00:38:26  PAGE 40


  C:66F3H         LINE#         177
  C:66F5H         LINE#         179
  C:66F7H         LINE#         179
  C:66F8H         LINE#         179
  C:66FAH         LINE#         179
  C:66FBH         LINE#         179
  C:66FDH         LINE#         179
  C:66FEH         LINE#         179
  C:6700H         LINE#         179
  C:6701H         LINE#         179
  C:6703H         LINE#         179
  C:6704H         LINE#         179
  C:6706H         LINE#         179
  C:6707H         LINE#         179
  C:6709H         LINE#         179
  C:670AH         LINE#         179
  C:670CH         LINE#         179
  C:670DH         LINE#         179
  C:670FH         LINE#         179
  C:6711H         LINE#         179
  C:6713H         LINE#         179
  C:6715H         LINE#         179
  C:6717H         LINE#         180
  C:6719H         LINE#         181
  C:64F7H         LINE#         187
  C:64F9H         LINE#         187
  C:64FBH         LINE#         187
  C:64FDH         LINE#         187
  C:64FFH         LINE#         187
  C:6501H         LINE#         187
  C:6502H         LINE#         187
  C:6504H         LINE#         187
  C:6505H         LINE#         187
  C:6507H         LINE#         187
  C:6508H         LINE#         187
  C:650AH         LINE#         187
  C:650BH         LINE#         187
  C:650DH         LINE#         187
  C:650EH         LINE#         187
  C:6510H         LINE#         187
  C:6511H         LINE#         187
  C:6513H         LINE#         187
  C:6514H         LINE#         187
  C:6516H         LINE#         187
  C:6517H         LINE#         187
  C:6519H         LINE#         192
  C:651BH         LINE#         193
  C:651CH         LINE#         194
  C:651EH         LINE#         195
  C:651FH         LINE#         198
  C:6521H         LINE#         199
  C:6522H         LINE#         200
  C:6524H         LINE#         201
  C:6525H         LINE#         202
  C:6527H         LINE#         205
  C:6528H         LINE#         206
  C:6529H         LINE#         207
BL51 BANKED LINKER/LOCATER V6.22                                                      07/04/2020  00:38:26  PAGE 41


  C:652AH         LINE#         208
  C:652BH         LINE#         209
  C:652CH         LINE#         210
  C:652DH         LINE#         211
  C:652FH         LINE#         212
  C:6531H         LINE#         215
  C:6532H         LINE#         216
  C:6533H         LINE#         218
  C:6535H         LINE#         220
  C:6536H         LINE#         221
  C:6537H         LINE#         222
  C:6538H         LINE#         223
  C:6539H         LINE#         224
  C:653BH         LINE#         227
  C:653CH         LINE#         228
  C:653EH         LINE#         229
  C:653FH         LINE#         230
  C:6540H         LINE#         231
  C:6542H         LINE#         232
  C:6543H         LINE#         234
  C:6546H         LINE#         237
  C:6548H         LINE#         238
  C:654AH         LINE#         239
  C:654BH         LINE#         240
  C:654CH         LINE#         241
  C:654DH         LINE#         242
  C:654EH         LINE#         243
  C:654FH         LINE#         244
  C:6550H         LINE#         245
  C:6551H         LINE#         246
  C:6552H         LINE#         247
  C:6553H         LINE#         248
  C:6554H         LINE#         251
  C:6556H         LINE#         252
  C:6558H         LINE#         253
  C:6559H         LINE#         254
  C:655AH         LINE#         256
  C:6BD1H         LINE#         265
  C:6BD3H         LINE#         266
  C:6BD4H         LINE#         267
  C:6BD6H         LINE#         268
  C:6BD8H         LINE#         270
  C:000BH         LINE#         274
  C:6670H         LINE#         279
  C:6672H         LINE#         279
  C:6674H         LINE#         279
  C:6676H         LINE#         279
  C:6678H         LINE#         279
  C:667AH         LINE#         279
  C:667BH         LINE#         279
  C:667DH         LINE#         279
  C:667EH         LINE#         279
  C:6680H         LINE#         279
  C:6681H         LINE#         279
  C:6683H         LINE#         279
  C:6684H         LINE#         279
  C:6686H         LINE#         279
BL51 BANKED LINKER/LOCATER V6.22                                                      07/04/2020  00:38:26  PAGE 42


  C:6687H         LINE#         279
  C:6689H         LINE#         279
  C:668AH         LINE#         279
  C:668CH         LINE#         279
  C:668DH         LINE#         279
  C:668FH         LINE#         279
  C:6690H         LINE#         279
  C:6692H         LINE#         281
  C:6694H         LINE#         282
  C:6697H         LINE#         283
  C:669AH         LINE#         284
  C:669CH         LINE#         286
  C:669FH         LINE#         287
  C:66A2H         LINE#         288
  C:66A5H         LINE#         290
  C:66A7H         LINE#         290
  C:66A8H         LINE#         290
  C:66AAH         LINE#         290
  C:66ABH         LINE#         290
  C:66ADH         LINE#         290
  C:66AEH         LINE#         290
  C:66B0H         LINE#         290
  C:66B1H         LINE#         290
  C:66B3H         LINE#         290
  C:66B4H         LINE#         290
  C:66B6H         LINE#         290
  C:66B7H         LINE#         290
  C:66B9H         LINE#         290
  C:66BAH         LINE#         290
  C:66BCH         LINE#         290
  C:66BDH         LINE#         290
  C:66BFH         LINE#         290
  C:66C1H         LINE#         290
  C:66C3H         LINE#         290
  C:66C5H         LINE#         290
  C:66C7H         LINE#         291
  C:0023H         LINE#         295
  C:671AH         LINE#         301
  C:671CH         LINE#         302
  C:671EH         LINE#         302
  C:6720H         LINE#         302
  C:6722H         LINE#         302
  C:6724H         LINE#         302
  C:6726H         LINE#         302
  C:6727H         LINE#         302
  C:6729H         LINE#         302
  C:672AH         LINE#         302
  C:672CH         LINE#         302
  C:672DH         LINE#         302
  C:672FH         LINE#         302
  C:6730H         LINE#         302
  C:6732H         LINE#         302
  C:6733H         LINE#         302
  C:6735H         LINE#         302
  C:6736H         LINE#         302
  C:6738H         LINE#         302
  C:6739H         LINE#         302
BL51 BANKED LINKER/LOCATER V6.22                                                      07/04/2020  00:38:26  PAGE 43


  C:673BH         LINE#         302
  C:673CH         LINE#         302
  C:673EH         LINE#         303
  C:6741H         LINE#         304
  C:6744H         LINE#         305
  C:6747H         LINE#         306
  C:6749H         LINE#         306
  C:674AH         LINE#         306
  C:674CH         LINE#         306
  C:674DH         LINE#         306
  C:674FH         LINE#         306
  C:6750H         LINE#         306
  C:6752H         LINE#         306
  C:6753H         LINE#         306
  C:6755H         LINE#         306
  C:6756H         LINE#         306
  C:6758H         LINE#         306
  C:6759H         LINE#         306
  C:675BH         LINE#         306
  C:675CH         LINE#         306
  C:675EH         LINE#         306
  C:675FH         LINE#         306
  C:6761H         LINE#         306
  C:6763H         LINE#         306
  C:6765H         LINE#         306
  C:6767H         LINE#         306
  C:6769H         LINE#         307
  C:676BH         LINE#         308
  -------         ENDMOD        OS_CPU_A

  -------         MODULE        ?C?CLDPTR
  C:363EH         PUBLIC        ?C?CLDPTR
  -------         ENDMOD        ?C?CLDPTR

  -------         MODULE        ?C?CLDOPTR
  C:3657H         PUBLIC        ?C?CLDOPTR
  -------         ENDMOD        ?C?CLDOPTR

  -------         MODULE        ?C?CILDPTR
  C:3684H         PUBLIC        ?C?CILDPTR
  -------         ENDMOD        ?C?CILDPTR

  -------         MODULE        ?C?CILDOPTR
  C:36A6H         PUBLIC        ?C?CILDOPTR
  -------         ENDMOD        ?C?CILDOPTR

  -------         MODULE        ?C?CSTPTR
  C:36D9H         PUBLIC        ?C?CSTPTR
  -------         ENDMOD        ?C?CSTPTR

  -------         MODULE        ?C?CSTOPTR
  C:36EBH         PUBLIC        ?C?CSTOPTR
  -------         ENDMOD        ?C?CSTOPTR

  -------         MODULE        ?C?IMUL
  C:370DH         PUBLIC        ?C?IMUL
  -------         ENDMOD        ?C?IMUL
BL51 BANKED LINKER/LOCATER V6.22                                                      07/04/2020  00:38:26  PAGE 44



  -------         MODULE        ?C?SIDIV
  C:371FH         PUBLIC        ?C?SIDIV
  -------         ENDMOD        ?C?SIDIV

  -------         MODULE        ?C?IILDX
  C:3755H         PUBLIC        ?C?IILDX
  -------         ENDMOD        ?C?IILDX

  -------         MODULE        ?C?ILDIX
  C:376BH         PUBLIC        ?C?ILDIX
  -------         ENDMOD        ?C?ILDIX

  -------         MODULE        ?C?ILDOPTR
  C:3781H         PUBLIC        ?C?ILDOPTR
  -------         ENDMOD        ?C?ILDOPTR

  -------         MODULE        ?C?IILDOPTR
  C:37B9H         PUBLIC        ?C?IILDOPTR
  -------         ENDMOD        ?C?IILDOPTR

  -------         MODULE        ?C?ISTOPTR
  C:3806H         PUBLIC        ?C?ISTOPTR
  -------         ENDMOD        ?C?ISTOPTR

  -------         MODULE        ?C?LSUB
  C:3833H         PUBLIC        ?C?LSUB
  -------         ENDMOD        ?C?LSUB

  -------         MODULE        ?C?ULDIV
  C:387DH         PUBLIC        ?C?ULDIV
  -------         ENDMOD        ?C?ULDIV

  -------         MODULE        ?C?ULCMP
  C:390FH         PUBLIC        ?C?ULCMP
  -------         ENDMOD        ?C?ULCMP

  -------         MODULE        ?C?LLDOPTR
  C:3920H         PUBLIC        ?C?LLDOPTR
  -------         ENDMOD        ?C?LLDOPTR

  -------         MODULE        ?C?LSTOPTR
  C:3950H         PUBLIC        ?C?LSTOPTR
  -------         ENDMOD        ?C?LSTOPTR

  -------         MODULE        ?C?LLDIDATA
  C:3974H         PUBLIC        ?C?LLDIDATA
  -------         ENDMOD        ?C?LLDIDATA

  -------         MODULE        ?C?LLDXDATA
  C:3980H         PUBLIC        ?C?LLDXDATA
  -------         ENDMOD        ?C?LLDXDATA

  -------         MODULE        ?C?LLDXDATA0
  C:398CH         PUBLIC        ?C?LLDXDATA0
  -------         ENDMOD        ?C?LLDXDATA0

BL51 BANKED LINKER/LOCATER V6.22                                                      07/04/2020  00:38:26  PAGE 45


  -------         MODULE        ?C?LLDOPTR0
  C:3998H         PUBLIC        ?C?LLDOPTR0
  -------         ENDMOD        ?C?LLDOPTR0

  -------         MODULE        ?C?LSTIDATA
  C:39C8H         PUBLIC        ?C?LSTIDATA
  -------         ENDMOD        ?C?LSTIDATA

  -------         MODULE        ?C?LSTXDATA
  C:39D4H         PUBLIC        ?C?LSTXDATA
  -------         ENDMOD        ?C?LSTXDATA

  -------         MODULE        ?C?LSTKIDATA
  C:39E0H         PUBLIC        ?C?LSTKIDATA
  -------         ENDMOD        ?C?LSTKIDATA

  -------         MODULE        ?C?LSTKXDATA
  C:39F9H         PUBLIC        ?C?LSTKXDATA
  -------         ENDMOD        ?C?LSTKXDATA

  -------         MODULE        ?C?OFFXADD
  C:3A2AH         PUBLIC        ?C?OFFXADD
  -------         ENDMOD        ?C?OFFXADD

  -------         MODULE        ?C?PLDIDATA
  C:3A36H         PUBLIC        ?C?PLDIDATA
  -------         ENDMOD        ?C?PLDIDATA

  -------         MODULE        ?C?PSTIDATA
  C:3A3FH         PUBLIC        ?C?PSTIDATA
  -------         ENDMOD        ?C?PSTIDATA

  -------         MODULE        ?C?PLDXDATA
  C:3A48H         PUBLIC        ?C?PLDXDATA
  -------         ENDMOD        ?C?PLDXDATA

  -------         MODULE        ?C?PLDIXDATA
  C:3A51H         PUBLIC        ?C?PLDIXDATA
  -------         ENDMOD        ?C?PLDIXDATA

  -------         MODULE        ?C?PSTXDATA
  C:3A68H         PUBLIC        ?C?PSTXDATA
  -------         ENDMOD        ?C?PSTXDATA

  -------         MODULE        ?C?PLDPTR
  C:3A71H         PUBLIC        ?C?PLDPTR
  -------         ENDMOD        ?C?PLDPTR

  -------         MODULE        ?C?PSTPTR
  C:3A91H         PUBLIC        ?C?PSTPTR
  -------         ENDMOD        ?C?PSTPTR

  -------         MODULE        ?C?PLDOPTR
  C:3AE0H         PUBLIC        ?C?PLDOPTR
  -------         ENDMOD        ?C?PLDOPTR

  -------         MODULE        ?C?PSTOPTR
BL51 BANKED LINKER/LOCATER V6.22                                                      07/04/2020  00:38:26  PAGE 46


  C:3B10H         PUBLIC        ?C?PSTOPTR
  -------         ENDMOD        ?C?PSTOPTR

  -------         MODULE        ?C?ICALL
  C:3B69H         PUBLIC        ?C?ICALL
  C:3B6DH         PUBLIC        ?C?ICALL2
  -------         ENDMOD        ?C?ICALL

  -------         MODULE        ?C_XBP
  D:0008H         PUBLIC        ?C_XBP
  -------         ENDMOD        ?C_XBP

  -------         MODULE        ?C?ADDXBP
  C:3B6FH         PUBLIC        ?C?ADDXBP
  -------         ENDMOD        ?C?ADDXBP

  -------         MODULE        ?C?XBPOFF
  C:3B93H         PUBLIC        ?C?XBPOFF
  -------         ENDMOD        ?C?XBPOFF

  -------         MODULE        RAND
  X:0E84H         PUBLIC        ?SRAND?BYTE
  C:67BDH         PUBLIC        RAND
  C:67FBH         PUBLIC        _SRAND
  -------         ENDMOD        RAND

  -------         MODULE        INIT_MEM
  X:0E5EH         PUBLIC        __mem_avail__
  C:68E0H         PUBLIC        _init_mempool
  -------         ENDMOD        INIT_MEM

  -------         MODULE        CALLOC
  C:689EH         PUBLIC        _calloc
  -------         ENDMOD        CALLOC

  -------         MODULE        FREE
  C:4EB8H         PUBLIC        _free
  -------         ENDMOD        FREE

  -------         MODULE        ?C?UIDIV
  C:3BA0H         PUBLIC        ?C?UIDIV
  -------         ENDMOD        ?C?UIDIV

  -------         MODULE        ?C?LLDPDATA
  C:3BF5H         PUBLIC        ?C?LLDPDATA
  -------         ENDMOD        ?C?LLDPDATA

  -------         MODULE        ?C?LLDCODE
  C:3C01H         PUBLIC        ?C?LLDCODE
  -------         ENDMOD        ?C?LLDCODE

  -------         MODULE        ?C?LLDIDATA0
  C:3C11H         PUBLIC        ?C?LLDIDATA0
  -------         ENDMOD        ?C?LLDIDATA0

  -------         MODULE        ?C?LLDPDATA0
  C:3C1EH         PUBLIC        ?C?LLDPDATA0
BL51 BANKED LINKER/LOCATER V6.22                                                      07/04/2020  00:38:26  PAGE 47


  -------         ENDMOD        ?C?LLDPDATA0

  -------         MODULE        ?C?LLDCODE0
  C:3C2BH         PUBLIC        ?C?LLDCODE0
  -------         ENDMOD        ?C?LLDCODE0

  -------         MODULE        ?C?LSTPDATA
  C:3C3BH         PUBLIC        ?C?LSTPDATA
  -------         ENDMOD        ?C?LSTPDATA

  -------         MODULE        ?C?PLDPDATA
  C:3C47H         PUBLIC        ?C?PLDPDATA
  -------         ENDMOD        ?C?PLDPDATA

  -------         MODULE        ?C?PSTPDATA
  C:3C50H         PUBLIC        ?C?PSTPDATA
  -------         ENDMOD        ?C?PSTPDATA

  -------         MODULE        ?C?PLDCODE
  C:3C59H         PUBLIC        ?C?PLDCODE
  -------         ENDMOD        ?C?PLDCODE

  -------         MODULE        ?C?MEMSET
  C:3C65H         PUBLIC        ?C?MEMSET
  -------         ENDMOD        ?C?MEMSET

  -------         MODULE        MALLOC
  C:5B10H         PUBLIC        _malloc
  -------         ENDMOD        MALLOC

*** WARNING L16: UNCALLED SEGMENT, IGNORED FOR OVERLAY PROCESS
    SEGMENT: ?PR?GETGAME?TANKGAME

*** WARNING L16: UNCALLED SEGMENT, IGNORED FOR OVERLAY PROCESS
    SEGMENT: ?PR?TANKGAME_DESTROY?TANKGAME

*** WARNING L16: UNCALLED SEGMENT, IGNORED FOR OVERLAY PROCESS
    SEGMENT: ?PR?CLSGAMERENDER?GAMECORE

*** WARNING L16: UNCALLED SEGMENT, IGNORED FOR OVERLAY PROCESS
    SEGMENT: ?PR?_SETDISPLAY?GAMECORE

*** WARNING L16: UNCALLED SEGMENT, IGNORED FOR OVERLAY PROCESS
    SEGMENT: ?PR?_DOGAMEFULLRENDER?GAMECORE

*** WARNING L16: UNCALLED SEGMENT, IGNORED FOR OVERLAY PROCESS
    SEGMENT: ?PR?_FREEGAMECORE?GAMECORE

*** WARNING L16: UNCALLED SEGMENT, IGNORED FOR OVERLAY PROCESS
    SEGMENT: ?PR?_FINDELEMENTBYID?GAMECORE

*** WARNING L16: UNCALLED SEGMENT, IGNORED FOR OVERLAY PROCESS
    SEGMENT: ?PR?_?SETGAMEOBJECTPOS?GAMECORE

*** WARNING L16: UNCALLED SEGMENT, IGNORED FOR OVERLAY PROCESS
    SEGMENT: ?PR?SETGAMEOBJECTSIZE?GAMECORE

BL51 BANKED LINKER/LOCATER V6.22                                                      07/04/2020  00:38:26  PAGE 48


*** WARNING L16: UNCALLED SEGMENT, IGNORED FOR OVERLAY PROCESS
    SEGMENT: ?PR?_SETROOTGAMEOBJECT?GAMECORE

*** WARNING L16: UNCALLED SEGMENT, IGNORED FOR OVERLAY PROCESS
    SEGMENT: ?PR?_SETGAMEOBJECTBITMAP?GAMECORE

*** WARNING L16: UNCALLED SEGMENT, IGNORED FOR OVERLAY PROCESS
    SEGMENT: ?PR?_FREEGAMEOBJECT?GAMECORE

*** WARNING L16: UNCALLED SEGMENT, IGNORED FOR OVERLAY PROCESS
    SEGMENT: ?PR?_?SETGAMEPICONGAMEOBJECT?GAMECORE

*** WARNING L16: UNCALLED SEGMENT, IGNORED FOR OVERLAY PROCESS
    SEGMENT: ?PR?_REMOVECHILD?GAMECORE

*** WARNING L16: UNCALLED SEGMENT, IGNORED FOR OVERLAY PROCESS
    SEGMENT: ?PR?_MEM_CALLOC?GAMECORE

*** WARNING L16: UNCALLED SEGMENT, IGNORED FOR OVERLAY PROCESS
    SEGMENT: ?PR?_?OSTIMESET?OS_TIME

*** WARNING L1: UNRESOLVED EXTERNAL SYMBOL
    SYMBOL:  _?SERIAL
    MODULE:  .\OutPut\OS_CPU_A.obj (OS_CPU_A)

*** WARNING L2: REFERENCE MADE TO UNRESOLVED EXTERNAL
    SYMBOL:  _?SERIAL
    MODULE:  .\OutPut\OS_CPU_A.obj (OS_CPU_A)
    ADDRESS: 6742H

Program Size: data=105.1 xdata=3728 code=27643
LINK/LOCATE RUN COMPLETE.  18 WARNING(S),  0 ERROR(S)
